// Jest Snapshot v1, https://goo.gl/fbAQLP

exports[`Component BookingSecondStep.vue Matches snapshot 1`] = `
<div class="layout container">
  <div class="layout separator">
    <h3 class="py-4 guestRegistration">Guest Registration</h3>
    <form novalidate="novalidate" class="v-form form">
      <div class="layout">
        <div class="fieldWrapper">
          <div class="v-input theme--light v-text-field v-text-field--placeholder nameField">
            <div class="v-input__control">
              <div class="v-input__slot">
                <div class="v-text-field__slot"><label for="input-8" class="v-label v-label--active theme--light" style="left: 0px; position: absolute;">Full name</label><input required="required" id="input-8" placeholder="Ola Nordmann" type="text"></div>
              </div>
              <div class="v-text-field__details">
                <div class="v-messages theme--light"><span name="message-transition" tag="div" class="v-messages__wrapper"></span></div>
              </div>
            </div>
          </div>
          <!---->
          <div class="v-input theme--light v-text-field v-text-field--placeholder numberField">
            <div class="v-input__control">
              <div class="v-input__slot">
                <div class="v-text-field__slot"><label for="input-11" class="v-label v-label--active theme--light" style="left: 0px; position: absolute;">Phone number</label><input number="" required="required" id="input-11" placeholder="95898788" type="text"></div>
              </div>
              <div class="v-text-field__details">
                <div class="v-messages theme--light"><span name="message-transition" tag="div" class="v-messages__wrapper"></span></div>
              </div>
            </div>
          </div>
          <div class="emailFieldWrapper">
            <div class="v-input theme--light v-text-field v-text-field--placeholder">
              <div class="v-input__control">
                <div class="v-input__slot">
                  <div class="v-text-field__slot"><label for="input-14" class="v-label v-label--active theme--light" style="left: 0px; position: absolute;">E-mail (main contact person)</label><input required="required" id="input-14" placeholder="ola.n@hotmail.com" type="text"></div>
                </div>
                <div class="v-text-field__details">
                  <div class="v-messages theme--light"><span name="message-transition" tag="div" class="v-messages__wrapper"></span></div>
                </div>
              </div>
            </div>
          </div>
          <div class="v-input mx-2 v-input--is-label-active v-input--is-dirty theme--light v-input--selection-controls v-input--checkbox primary--text">
            <div class="v-input__control">
              <div class="v-input__slot">
                <div class="v-input--selection-controls__input"><i aria-hidden="true" class="v-icon notranslate mdi mdi-checkbox-marked theme--light primary--text"></i><input aria-checked="true" id="input-17" role="checkbox" type="checkbox" value="">
                  <div class="v-input--selection-controls__ripple primary--text"></div>
                </div><label for="input-17" class="v-label theme--light" style="left: 0px; position: relative;">NTNUI Member</label>
              </div>
              <div class="v-messages theme--light primary--text"><span name="message-transition" tag="div" class="v-messages__wrapper"></span></div>
            </div>
          </div> <button type="button" disabled="disabled" class="v-btn v-btn--contained v-btn--disabled theme--light v-size--default rmvBtn"><span class="v-btn__content">x</span></button>
        </div>
      </div> <button type="button" class="v-btn v-btn--contained theme--light v-size--default addBtn" raised="true"><span class="v-btn__content">+</span></button>
    </form>
  </div>
  <h3 class="price">Total price: 0kr</h3>
</div>
`;
