// Jest Snapshot v1, https://goo.gl/fbAQLP

exports[`Component ErrorCard.vue Matches snapshot 1`] = `
<div class="container fill-height">
  <div class="container global-max-width">
    <div class="row mx-auto">
      <div align="center" class="mt-5 col-sm-12 col-md-12 col-lg-12 col-12">
        <div role="alert" class="v-alert v-sheet theme--light elevation-2 rounded-0 v-alert--border v-alert--border-right infoCard">
          <div class="v-alert__wrapper"><i aria-hidden="true" class="v-icon notranslate v-alert__icon mdi mdi-alert theme--light error--text"></i>
            <div class="v-alert__content">
              <h3>The page information could not be loaded. Try again.</h3>
              <p> Still not working? Contact informasjon@koiene.org.ntnu.no</p>
            </div>
            <div class="v-alert__border v-alert__border--right error v-alert__border--has-color"></div>
          </div>
        </div>
      </div>
    </div>
  </div>
</div>
`;
