// Jest Snapshot v1, https://goo.gl/fbAQLP

exports[`Component KeyDetailsRow Matches snapshot 1`] = `
<tr style="background-color: rgb(34, 34, 34);">
  <td>
    ola1@normann.com
  </td>
  <td>
    Mevasskoia
  </td>
  <td><span style="color: white;">2020-10-29
    </span></td>
  <td><span> 2020-11-01 </span></td>
  <td></td>
</tr>
`;
