// Jest Snapshot v1, https://goo.gl/fbAQLP

exports[`Component AllCabinsTable.vue Matches snapshot 1`] = `
<div class="v-data-table theme--light" style="width: 100%;">
  <div class="v-data-table__wrapper">
    <table>
      <colgroup>
        <col class="">
        <col class="">
        <col class="">
        <col class="">
        <col class="">
        <col class="">
        <col class="">
        <col class="">
      </colgroup>
      <thead class="v-data-table-header">
        <tr>
          <th role="columnheader" scope="col" aria-label="Navn: Not sorted. Activate to sort ascending." aria-sort="none" class="text-start sortable"><span>Navn</span><i aria-hidden="true" class="v-icon notranslate v-data-table-header__icon mdi mdi-arrow-up theme--light" style="font-size: 18px;"></i></th>
          <th role="columnheader" scope="col" aria-label="lørdag 3. oktober 2020: Not sorted. Activate to sort ascending." aria-sort="none" class="text-center sortable"><span>lørdag 3. oktober 2020</span><i aria-hidden="true" class="v-icon notranslate v-data-table-header__icon mdi mdi-arrow-up theme--light" style="font-size: 18px;"></i></th>
          <th role="columnheader" scope="col" aria-label="søndag 4. oktober 2020: Not sorted. Activate to sort ascending." aria-sort="none" class="text-center sortable"><span>søndag 4. oktober 2020</span><i aria-hidden="true" class="v-icon notranslate v-data-table-header__icon mdi mdi-arrow-up theme--light" style="font-size: 18px;"></i></th>
          <th role="columnheader" scope="col" aria-label="mandag 5. oktober 2020: Not sorted. Activate to sort ascending." aria-sort="none" class="text-center sortable"><span>mandag 5. oktober 2020</span><i aria-hidden="true" class="v-icon notranslate v-data-table-header__icon mdi mdi-arrow-up theme--light" style="font-size: 18px;"></i></th>
          <th role="columnheader" scope="col" aria-label="tirsdag 6. oktober 2020: Not sorted. Activate to sort ascending." aria-sort="none" class="text-center sortable"><span>tirsdag 6. oktober 2020</span><i aria-hidden="true" class="v-icon notranslate v-data-table-header__icon mdi mdi-arrow-up theme--light" style="font-size: 18px;"></i></th>
          <th role="columnheader" scope="col" aria-label="onsdag 7. oktober 2020: Not sorted. Activate to sort ascending." aria-sort="none" class="text-center sortable"><span>onsdag 7. oktober 2020</span><i aria-hidden="true" class="v-icon notranslate v-data-table-header__icon mdi mdi-arrow-up theme--light" style="font-size: 18px;"></i></th>
          <th role="columnheader" scope="col" aria-label="torsdag 8. oktober 2020: Not sorted. Activate to sort ascending." aria-sort="none" class="text-center sortable"><span>torsdag 8. oktober 2020</span><i aria-hidden="true" class="v-icon notranslate v-data-table-header__icon mdi mdi-arrow-up theme--light" style="font-size: 18px;"></i></th>
          <th role="columnheader" scope="col" aria-label="fredag 9. oktober 2020: Not sorted. Activate to sort ascending." aria-sort="none" class="text-center sortable"><span>fredag 9. oktober 2020</span><i aria-hidden="true" class="v-icon notranslate v-data-table-header__icon mdi mdi-arrow-up theme--light" style="font-size: 18px;"></i></th>
        </tr>
      </thead>
      <tbody>
        <tr>
          <td>
            Høgnabu
          </td>
          <td style="width: 12vw;">
            <div style="width: 60px; height: 60px; margin: auto;">
              <div style="color: white; width: 90%; height: 90%; margin: auto; border-radius: 50%; display: flex; align-items: center; justify-content: center;"><span>0 / 6</span></div>
            </div>
          </td>
          <td style="width: 12vw;">
            <div style="width: 60px; height: 60px; margin: auto;">
              <div style="color: white; width: 90%; height: 90%; margin: auto; border-radius: 50%; display: flex; align-items: center; justify-content: center;"><span>0 / 6</span></div>
            </div>
          </td>
          <td style="width: 12vw;">
            <div style="width: 60px; height: 60px; margin: auto;">
              <div style="color: white; width: 90%; height: 90%; margin: auto; border-radius: 50%; display: flex; align-items: center; justify-content: center;"><span>0 / 6</span></div>
            </div>
          </td>
          <td style="width: 12vw;">
            <div style="width: 60px; height: 60px; margin: auto;">
              <div style="color: white; width: 90%; height: 90%; margin: auto; border-radius: 50%; display: flex; align-items: center; justify-content: center;"><span>0 / 6</span></div>
            </div>
          </td>
          <td style="width: 12vw;">
            <div style="width: 60px; height: 60px; margin: auto;">
              <div style="color: white; width: 90%; height: 90%; margin: auto; border-radius: 50%; display: flex; align-items: center; justify-content: center;"><span>0 / 6</span></div>
            </div>
          </td>
          <td style="width: 12vw;">
            <div style="width: 60px; height: 60px; margin: auto;">
              <div style="color: white; width: 90%; height: 90%; margin: auto; border-radius: 50%; display: flex; align-items: center; justify-content: center;"><span>0 / 6</span></div>
            </div>
          </td>
          <td style="width: 12vw;">
            <div style="width: 60px; height: 60px; margin: auto;">
              <div style="color: white; width: 90%; height: 90%; margin: auto; border-radius: 50%; display: flex; align-items: center; justify-content: center;"><span>0 / 6</span></div>
            </div>
          </td>
        </tr>
        <tr>
          <td>
            Flåkoia
          </td>
          <td style="width: 12vw;">
            <div style="width: 60px; height: 60px; margin: auto;">
              <div style="color: white; width: 90%; height: 90%; margin: auto; border-radius: 50%; display: flex; align-items: center; justify-content: center;"><span>11 / 11</span></div>
            </div>
          </td>
          <td style="width: 12vw;">
            <div style="width: 60px; height: 60px; margin: auto;">
              <div style="color: white; width: 90%; height: 90%; margin: auto; border-radius: 50%; display: flex; align-items: center; justify-content: center;"><span>11 / 11</span></div>
            </div>
          </td>
          <td style="width: 12vw;">
            <div style="width: 60px; height: 60px; margin: auto;">
              <div style="color: white; width: 90%; height: 90%; margin: auto; border-radius: 50%; display: flex; align-items: center; justify-content: center;"><span>11 / 11</span></div>
            </div>
          </td>
          <td style="width: 12vw;">
            <div style="width: 60px; height: 60px; margin: auto;">
              <div style="color: white; width: 90%; height: 90%; margin: auto; border-radius: 50%; display: flex; align-items: center; justify-content: center;"><span>0 / 11</span></div>
            </div>
          </td>
          <td style="width: 12vw;">
            <div style="width: 60px; height: 60px; margin: auto;">
              <div style="color: white; width: 90%; height: 90%; margin: auto; border-radius: 50%; display: flex; align-items: center; justify-content: center;"><span>2 / 11</span></div>
            </div>
          </td>
          <td style="width: 12vw;">
            <div style="width: 60px; height: 60px; margin: auto;">
              <div style="color: white; width: 90%; height: 90%; margin: auto; border-radius: 50%; display: flex; align-items: center; justify-content: center;"><span>11 / 11</span></div>
            </div>
          </td>
          <td style="width: 12vw;">
            <div style="width: 60px; height: 60px; margin: auto;">
              <div style="color: white; width: 90%; height: 90%; margin: auto; border-radius: 50%; display: flex; align-items: center; justify-content: center;"><span>0 / 11</span></div>
            </div>
          </td>
        </tr>
        <tr>
          <td>
            Øvensenget
          </td>
          <td style="width: 12vw;">
            <div style="width: 60px; height: 60px; margin: auto;">
              <div style="color: white; width: 90%; height: 90%; margin: auto; border-radius: 50%; display: flex; align-items: center; justify-content: center;"><span>0 / 8</span></div>
            </div>
          </td>
          <td style="width: 12vw;">
            <div style="width: 60px; height: 60px; margin: auto;">
              <div style="color: white; width: 90%; height: 90%; margin: auto; border-radius: 50%; display: flex; align-items: center; justify-content: center;"><span>0 / 8</span></div>
            </div>
          </td>
          <td style="width: 12vw;">
            <div style="width: 60px; height: 60px; margin: auto;">
              <div style="color: white; width: 90%; height: 90%; margin: auto; border-radius: 50%; display: flex; align-items: center; justify-content: center;"><span>0 / 8</span></div>
            </div>
          </td>
          <td style="width: 12vw;">
            <div style="width: 60px; height: 60px; margin: auto;">
              <div style="color: white; width: 90%; height: 90%; margin: auto; border-radius: 50%; display: flex; align-items: center; justify-content: center;"><span>0 / 8</span></div>
            </div>
          </td>
          <td style="width: 12vw;">
            <div style="width: 60px; height: 60px; margin: auto;">
              <div style="color: white; width: 90%; height: 90%; margin: auto; border-radius: 50%; display: flex; align-items: center; justify-content: center;"><span>0 / 8</span></div>
            </div>
          </td>
          <td style="width: 12vw;">
            <div style="width: 60px; height: 60px; margin: auto;">
              <div style="color: white; width: 90%; height: 90%; margin: auto; border-radius: 50%; display: flex; align-items: center; justify-content: center;"><span>0 / 8</span></div>
            </div>
          </td>
          <td style="width: 12vw;">
            <div style="width: 60px; height: 60px; margin: auto;">
              <div style="color: white; width: 90%; height: 90%; margin: auto; border-radius: 50%; display: flex; align-items: center; justify-content: center;"><span>0 / 8</span></div>
            </div>
          </td>
        </tr>
        <tr>
          <td>
            Kåsen
          </td>
          <td style="width: 12vw;">
            <div style="width: 60px; height: 60px; margin: auto;">
              <div style="color: white; width: 90%; height: 90%; margin: auto; border-radius: 50%; display: flex; align-items: center; justify-content: center;"><span>0 / 8</span></div>
            </div>
          </td>
          <td style="width: 12vw;">
            <div style="width: 60px; height: 60px; margin: auto;">
              <div style="color: white; width: 90%; height: 90%; margin: auto; border-radius: 50%; display: flex; align-items: center; justify-content: center;"><span>0 / 8</span></div>
            </div>
          </td>
          <td style="width: 12vw;">
            <div style="width: 60px; height: 60px; margin: auto;">
              <div style="color: white; width: 90%; height: 90%; margin: auto; border-radius: 50%; display: flex; align-items: center; justify-content: center;"><span>0 / 8</span></div>
            </div>
          </td>
          <td style="width: 12vw;">
            <div style="width: 60px; height: 60px; margin: auto;">
              <div style="color: white; width: 90%; height: 90%; margin: auto; border-radius: 50%; display: flex; align-items: center; justify-content: center;"><span>0 / 8</span></div>
            </div>
          </td>
          <td style="width: 12vw;">
            <div style="width: 60px; height: 60px; margin: auto;">
              <div style="color: white; width: 90%; height: 90%; margin: auto; border-radius: 50%; display: flex; align-items: center; justify-content: center;"><span>0 / 8</span></div>
            </div>
          </td>
          <td style="width: 12vw;">
            <div style="width: 60px; height: 60px; margin: auto;">
              <div style="color: white; width: 90%; height: 90%; margin: auto; border-radius: 50%; display: flex; align-items: center; justify-content: center;"><span>0 / 8</span></div>
            </div>
          </td>
          <td style="width: 12vw;">
            <div style="width: 60px; height: 60px; margin: auto;">
              <div style="color: white; width: 90%; height: 90%; margin: auto; border-radius: 50%; display: flex; align-items: center; justify-content: center;"><span>0 / 8</span></div>
            </div>
          </td>
        </tr>
        <tr>
          <td>
            Stakkslettbua
          </td>
          <td style="width: 12vw;">
            <div style="width: 60px; height: 60px; margin: auto;">
              <div style="color: white; width: 90%; height: 90%; margin: auto; border-radius: 50%; display: flex; align-items: center; justify-content: center;"><span>0 / 11</span></div>
            </div>
          </td>
          <td style="width: 12vw;">
            <div style="width: 60px; height: 60px; margin: auto;">
              <div style="color: white; width: 90%; height: 90%; margin: auto; border-radius: 50%; display: flex; align-items: center; justify-content: center;"><span>0 / 11</span></div>
            </div>
          </td>
          <td style="width: 12vw;">
            <div style="width: 60px; height: 60px; margin: auto;">
              <div style="color: white; width: 90%; height: 90%; margin: auto; border-radius: 50%; display: flex; align-items: center; justify-content: center;"><span>0 / 11</span></div>
            </div>
          </td>
          <td style="width: 12vw;">
            <div style="width: 60px; height: 60px; margin: auto;">
              <div style="color: white; width: 90%; height: 90%; margin: auto; border-radius: 50%; display: flex; align-items: center; justify-content: center;"><span>0 / 11</span></div>
            </div>
          </td>
          <td style="width: 12vw;">
            <div style="width: 60px; height: 60px; margin: auto;">
              <div style="color: white; width: 90%; height: 90%; margin: auto; border-radius: 50%; display: flex; align-items: center; justify-content: center;"><span>0 / 11</span></div>
            </div>
          </td>
          <td style="width: 12vw;">
            <div style="width: 60px; height: 60px; margin: auto;">
              <div style="color: white; width: 90%; height: 90%; margin: auto; border-radius: 50%; display: flex; align-items: center; justify-content: center;"><span>0 / 11</span></div>
            </div>
          </td>
          <td style="width: 12vw;">
            <div style="width: 60px; height: 60px; margin: auto;">
              <div style="color: white; width: 90%; height: 90%; margin: auto; border-radius: 50%; display: flex; align-items: center; justify-content: center;"><span>0 / 11</span></div>
            </div>
          </td>
        </tr>
        <tr>
          <td>
            Holmsåkoia
          </td>
          <td style="width: 12vw;">
            <div style="width: 60px; height: 60px; margin: auto;">
              <div style="color: white; width: 90%; height: 90%; margin: auto; border-radius: 50%; display: flex; align-items: center; justify-content: center;"><span>0 / 20</span></div>
            </div>
          </td>
          <td style="width: 12vw;">
            <div style="width: 60px; height: 60px; margin: auto;">
              <div style="color: white; width: 90%; height: 90%; margin: auto; border-radius: 50%; display: flex; align-items: center; justify-content: center;"><span>0 / 20</span></div>
            </div>
          </td>
          <td style="width: 12vw;">
            <div style="width: 60px; height: 60px; margin: auto;">
              <div style="color: white; width: 90%; height: 90%; margin: auto; border-radius: 50%; display: flex; align-items: center; justify-content: center;"><span>0 / 20</span></div>
            </div>
          </td>
          <td style="width: 12vw;">
            <div style="width: 60px; height: 60px; margin: auto;">
              <div style="color: white; width: 90%; height: 90%; margin: auto; border-radius: 50%; display: flex; align-items: center; justify-content: center;"><span>0 / 20</span></div>
            </div>
          </td>
          <td style="width: 12vw;">
            <div style="width: 60px; height: 60px; margin: auto;">
              <div style="color: white; width: 90%; height: 90%; margin: auto; border-radius: 50%; display: flex; align-items: center; justify-content: center;"><span>0 / 20</span></div>
            </div>
          </td>
          <td style="width: 12vw;">
            <div style="width: 60px; height: 60px; margin: auto;">
              <div style="color: white; width: 90%; height: 90%; margin: auto; border-radius: 50%; display: flex; align-items: center; justify-content: center;"><span>0 / 20</span></div>
            </div>
          </td>
          <td style="width: 12vw;">
            <div style="width: 60px; height: 60px; margin: auto;">
              <div style="color: white; width: 90%; height: 90%; margin: auto; border-radius: 50%; display: flex; align-items: center; justify-content: center;"><span>0 / 20</span></div>
            </div>
          </td>
        </tr>
        <tr>
          <td>
            Sonvasskoia
          </td>
          <td style="width: 12vw;">
            <div style="width: 60px; height: 60px; margin: auto;">
              <div style="color: white; width: 90%; height: 90%; margin: auto; border-radius: 50%; display: flex; align-items: center; justify-content: center;"><span>0 / 8</span></div>
            </div>
          </td>
          <td style="width: 12vw;">
            <div style="width: 60px; height: 60px; margin: auto;">
              <div style="color: white; width: 90%; height: 90%; margin: auto; border-radius: 50%; display: flex; align-items: center; justify-content: center;"><span>0 / 8</span></div>
            </div>
          </td>
          <td style="width: 12vw;">
            <div style="width: 60px; height: 60px; margin: auto;">
              <div style="color: white; width: 90%; height: 90%; margin: auto; border-radius: 50%; display: flex; align-items: center; justify-content: center;"><span>0 / 8</span></div>
            </div>
          </td>
          <td style="width: 12vw;">
            <div style="width: 60px; height: 60px; margin: auto;">
              <div style="color: white; width: 90%; height: 90%; margin: auto; border-radius: 50%; display: flex; align-items: center; justify-content: center;"><span>0 / 8</span></div>
            </div>
          </td>
          <td style="width: 12vw;">
            <div style="width: 60px; height: 60px; margin: auto;">
              <div style="color: white; width: 90%; height: 90%; margin: auto; border-radius: 50%; display: flex; align-items: center; justify-content: center;"><span>0 / 8</span></div>
            </div>
          </td>
          <td style="width: 12vw;">
            <div style="width: 60px; height: 60px; margin: auto;">
              <div style="color: white; width: 90%; height: 90%; margin: auto; border-radius: 50%; display: flex; align-items: center; justify-content: center;"><span>0 / 8</span></div>
            </div>
          </td>
          <td style="width: 12vw;">
            <div style="width: 60px; height: 60px; margin: auto;">
              <div style="color: white; width: 90%; height: 90%; margin: auto; border-radius: 50%; display: flex; align-items: center; justify-content: center;"><span>0 / 8</span></div>
            </div>
          </td>
        </tr>
        <tr>
          <td>
            Nicokoia
          </td>
          <td style="width: 12vw;">
            <div style="width: 60px; height: 60px; margin: auto;">
              <div style="color: white; width: 90%; height: 90%; margin: auto; border-radius: 50%; display: flex; align-items: center; justify-content: center;"><span>0 / 8</span></div>
            </div>
          </td>
          <td style="width: 12vw;">
            <div style="width: 60px; height: 60px; margin: auto;">
              <div style="color: white; width: 90%; height: 90%; margin: auto; border-radius: 50%; display: flex; align-items: center; justify-content: center;"><span>0 / 8</span></div>
            </div>
          </td>
          <td style="width: 12vw;">
            <div style="width: 60px; height: 60px; margin: auto;">
              <div style="color: white; width: 90%; height: 90%; margin: auto; border-radius: 50%; display: flex; align-items: center; justify-content: center;"><span>0 / 8</span></div>
            </div>
          </td>
          <td style="width: 12vw;">
            <div style="width: 60px; height: 60px; margin: auto;">
              <div style="color: white; width: 90%; height: 90%; margin: auto; border-radius: 50%; display: flex; align-items: center; justify-content: center;"><span>0 / 8</span></div>
            </div>
          </td>
          <td style="width: 12vw;">
            <div style="width: 60px; height: 60px; margin: auto;">
              <div style="color: white; width: 90%; height: 90%; margin: auto; border-radius: 50%; display: flex; align-items: center; justify-content: center;"><span>0 / 8</span></div>
            </div>
          </td>
          <td style="width: 12vw;">
            <div style="width: 60px; height: 60px; margin: auto;">
              <div style="color: white; width: 90%; height: 90%; margin: auto; border-radius: 50%; display: flex; align-items: center; justify-content: center;"><span>0 / 8</span></div>
            </div>
          </td>
          <td style="width: 12vw;">
            <div style="width: 60px; height: 60px; margin: auto;">
              <div style="color: white; width: 90%; height: 90%; margin: auto; border-radius: 50%; display: flex; align-items: center; justify-content: center;"><span>0 / 8</span></div>
            </div>
          </td>
        </tr>
        <tr>
          <td>
            Telin
          </td>
          <td style="width: 12vw;">
            <div style="width: 60px; height: 60px; margin: auto;">
              <div style="color: white; width: 90%; height: 90%; margin: auto; border-radius: 50%; display: flex; align-items: center; justify-content: center;"><span>0 / 9</span></div>
            </div>
          </td>
          <td style="width: 12vw;">
            <div style="width: 60px; height: 60px; margin: auto;">
              <div style="color: white; width: 90%; height: 90%; margin: auto; border-radius: 50%; display: flex; align-items: center; justify-content: center;"><span>0 / 9</span></div>
            </div>
          </td>
          <td style="width: 12vw;">
            <div style="width: 60px; height: 60px; margin: auto;">
              <div style="color: white; width: 90%; height: 90%; margin: auto; border-radius: 50%; display: flex; align-items: center; justify-content: center;"><span>0 / 9</span></div>
            </div>
          </td>
          <td style="width: 12vw;">
            <div style="width: 60px; height: 60px; margin: auto;">
              <div style="color: white; width: 90%; height: 90%; margin: auto; border-radius: 50%; display: flex; align-items: center; justify-content: center;"><span>0 / 9</span></div>
            </div>
          </td>
          <td style="width: 12vw;">
            <div style="width: 60px; height: 60px; margin: auto;">
              <div style="color: white; width: 90%; height: 90%; margin: auto; border-radius: 50%; display: flex; align-items: center; justify-content: center;"><span>0 / 9</span></div>
            </div>
          </td>
          <td style="width: 12vw;">
            <div style="width: 60px; height: 60px; margin: auto;">
              <div style="color: white; width: 90%; height: 90%; margin: auto; border-radius: 50%; display: flex; align-items: center; justify-content: center;"><span>0 / 9</span></div>
            </div>
          </td>
          <td style="width: 12vw;">
            <div style="width: 60px; height: 60px; margin: auto;">
              <div style="color: white; width: 90%; height: 90%; margin: auto; border-radius: 50%; display: flex; align-items: center; justify-content: center;"><span>0 / 9</span></div>
            </div>
          </td>
        </tr>
        <tr>
          <td>
            Lyngli
          </td>
          <td style="width: 12vw;">
            <div style="width: 60px; height: 60px; margin: auto;">
              <div style="color: white; width: 90%; height: 90%; margin: auto; border-radius: 50%; display: flex; align-items: center; justify-content: center;"><span>0 / 13</span></div>
            </div>
          </td>
          <td style="width: 12vw;">
            <div style="width: 60px; height: 60px; margin: auto;">
              <div style="color: white; width: 90%; height: 90%; margin: auto; border-radius: 50%; display: flex; align-items: center; justify-content: center;"><span>0 / 13</span></div>
            </div>
          </td>
          <td style="width: 12vw;">
            <div style="width: 60px; height: 60px; margin: auto;">
              <div style="color: white; width: 90%; height: 90%; margin: auto; border-radius: 50%; display: flex; align-items: center; justify-content: center;"><span>0 / 13</span></div>
            </div>
          </td>
          <td style="width: 12vw;">
            <div style="width: 60px; height: 60px; margin: auto;">
              <div style="color: white; width: 90%; height: 90%; margin: auto; border-radius: 50%; display: flex; align-items: center; justify-content: center;"><span>0 / 13</span></div>
            </div>
          </td>
          <td style="width: 12vw;">
            <div style="width: 60px; height: 60px; margin: auto;">
              <div style="color: white; width: 90%; height: 90%; margin: auto; border-radius: 50%; display: flex; align-items: center; justify-content: center;"><span>0 / 13</span></div>
            </div>
          </td>
          <td style="width: 12vw;">
            <div style="width: 60px; height: 60px; margin: auto;">
              <div style="color: white; width: 90%; height: 90%; margin: auto; border-radius: 50%; display: flex; align-items: center; justify-content: center;"><span>0 / 13</span></div>
            </div>
          </td>
          <td style="width: 12vw;">
            <div style="width: 60px; height: 60px; margin: auto;">
              <div style="color: white; width: 90%; height: 90%; margin: auto; border-radius: 50%; display: flex; align-items: center; justify-content: center;"><span>0 / 13</span></div>
            </div>
          </td>
        </tr>
        <tr>
          <td>
            Kråklikåten
          </td>
          <td style="width: 12vw;">
            <div style="width: 60px; height: 60px; margin: auto;">
              <div style="color: white; width: 90%; height: 90%; margin: auto; border-radius: 50%; display: flex; align-items: center; justify-content: center;"><span>0 / 4</span></div>
            </div>
          </td>
          <td style="width: 12vw;">
            <div style="width: 60px; height: 60px; margin: auto;">
              <div style="color: white; width: 90%; height: 90%; margin: auto; border-radius: 50%; display: flex; align-items: center; justify-content: center;"><span>0 / 4</span></div>
            </div>
          </td>
          <td style="width: 12vw;">
            <div style="width: 60px; height: 60px; margin: auto;">
              <div style="color: white; width: 90%; height: 90%; margin: auto; border-radius: 50%; display: flex; align-items: center; justify-content: center;"><span>0 / 4</span></div>
            </div>
          </td>
          <td style="width: 12vw;">
            <div style="width: 60px; height: 60px; margin: auto;">
              <div style="color: white; width: 90%; height: 90%; margin: auto; border-radius: 50%; display: flex; align-items: center; justify-content: center;"><span>0 / 4</span></div>
            </div>
          </td>
          <td style="width: 12vw;">
            <div style="width: 60px; height: 60px; margin: auto;">
              <div style="color: white; width: 90%; height: 90%; margin: auto; border-radius: 50%; display: flex; align-items: center; justify-content: center;"><span>0 / 4</span></div>
            </div>
          </td>
          <td style="width: 12vw;">
            <div style="width: 60px; height: 60px; margin: auto;">
              <div style="color: white; width: 90%; height: 90%; margin: auto; border-radius: 50%; display: flex; align-items: center; justify-content: center;"><span>0 / 4</span></div>
            </div>
          </td>
          <td style="width: 12vw;">
            <div style="width: 60px; height: 60px; margin: auto;">
              <div style="color: white; width: 90%; height: 90%; margin: auto; border-radius: 50%; display: flex; align-items: center; justify-content: center;"><span>0 / 4</span></div>
            </div>
          </td>
        </tr>
        <tr>
          <td>
            Heinfjordstua
          </td>
          <td style="width: 12vw;">
            <div style="width: 60px; height: 60px; margin: auto;">
              <div style="color: white; width: 90%; height: 90%; margin: auto; border-radius: 50%; display: flex; align-items: center; justify-content: center;"><span>0 / 25</span></div>
            </div>
          </td>
          <td style="width: 12vw;">
            <div style="width: 60px; height: 60px; margin: auto;">
              <div style="color: white; width: 90%; height: 90%; margin: auto; border-radius: 50%; display: flex; align-items: center; justify-content: center;"><span>0 / 25</span></div>
            </div>
          </td>
          <td style="width: 12vw;">
            <div style="width: 60px; height: 60px; margin: auto;">
              <div style="color: white; width: 90%; height: 90%; margin: auto; border-radius: 50%; display: flex; align-items: center; justify-content: center;"><span>0 / 25</span></div>
            </div>
          </td>
          <td style="width: 12vw;">
            <div style="width: 60px; height: 60px; margin: auto;">
              <div style="color: white; width: 90%; height: 90%; margin: auto; border-radius: 50%; display: flex; align-items: center; justify-content: center;"><span>0 / 25</span></div>
            </div>
          </td>
          <td style="width: 12vw;">
            <div style="width: 60px; height: 60px; margin: auto;">
              <div style="color: white; width: 90%; height: 90%; margin: auto; border-radius: 50%; display: flex; align-items: center; justify-content: center;"><span>0 / 25</span></div>
            </div>
          </td>
          <td style="width: 12vw;">
            <div style="width: 60px; height: 60px; margin: auto;">
              <div style="color: white; width: 90%; height: 90%; margin: auto; border-radius: 50%; display: flex; align-items: center; justify-content: center;"><span>0 / 25</span></div>
            </div>
          </td>
          <td style="width: 12vw;">
            <div style="width: 60px; height: 60px; margin: auto;">
              <div style="color: white; width: 90%; height: 90%; margin: auto; border-radius: 50%; display: flex; align-items: center; justify-content: center;"><span>0 / 25</span></div>
            </div>
          </td>
        </tr>
        <tr>
          <td>
            Mevasskoia
          </td>
          <td style="width: 12vw;">
            <div style="width: 60px; height: 60px; margin: auto;">
              <div style="color: white; width: 90%; height: 90%; margin: auto; border-radius: 50%; display: flex; align-items: center; justify-content: center;"><span>0 / 5</span></div>
            </div>
          </td>
          <td style="width: 12vw;">
            <div style="width: 60px; height: 60px; margin: auto;">
              <div style="color: white; width: 90%; height: 90%; margin: auto; border-radius: 50%; display: flex; align-items: center; justify-content: center;"><span>0 / 5</span></div>
            </div>
          </td>
          <td style="width: 12vw;">
            <div style="width: 60px; height: 60px; margin: auto;">
              <div style="color: white; width: 90%; height: 90%; margin: auto; border-radius: 50%; display: flex; align-items: center; justify-content: center;"><span>0 / 5</span></div>
            </div>
          </td>
          <td style="width: 12vw;">
            <div style="width: 60px; height: 60px; margin: auto;">
              <div style="color: white; width: 90%; height: 90%; margin: auto; border-radius: 50%; display: flex; align-items: center; justify-content: center;"><span>4 / 5</span></div>
            </div>
          </td>
          <td style="width: 12vw;">
            <div style="width: 60px; height: 60px; margin: auto;">
              <div style="color: white; width: 90%; height: 90%; margin: auto; border-radius: 50%; display: flex; align-items: center; justify-content: center;"><span>5 / 5</span></div>
            </div>
          </td>
          <td style="width: 12vw;">
            <div style="width: 60px; height: 60px; margin: auto;">
              <div style="color: white; width: 90%; height: 90%; margin: auto; border-radius: 50%; display: flex; align-items: center; justify-content: center;"><span>2 / 5</span></div>
            </div>
          </td>
          <td style="width: 12vw;">
            <div style="width: 60px; height: 60px; margin: auto;">
              <div style="color: white; width: 90%; height: 90%; margin: auto; border-radius: 50%; display: flex; align-items: center; justify-content: center;"><span>0 / 5</span></div>
            </div>
          </td>
        </tr>
        <tr>
          <td>
            Stabburet
          </td>
          <td style="width: 12vw;">
            <div style="width: 60px; height: 60px; margin: auto;">
              <div style="color: white; width: 90%; height: 90%; margin: auto; border-radius: 50%; display: flex; align-items: center; justify-content: center;"><span>0 / 2</span></div>
            </div>
          </td>
          <td style="width: 12vw;">
            <div style="width: 60px; height: 60px; margin: auto;">
              <div style="color: white; width: 90%; height: 90%; margin: auto; border-radius: 50%; display: flex; align-items: center; justify-content: center;"><span>0 / 2</span></div>
            </div>
          </td>
          <td style="width: 12vw;">
            <div style="width: 60px; height: 60px; margin: auto;">
              <div style="color: white; width: 90%; height: 90%; margin: auto; border-radius: 50%; display: flex; align-items: center; justify-content: center;"><span>0 / 2</span></div>
            </div>
          </td>
          <td style="width: 12vw;">
            <div style="width: 60px; height: 60px; margin: auto;">
              <div style="color: white; width: 90%; height: 90%; margin: auto; border-radius: 50%; display: flex; align-items: center; justify-content: center;"><span>0 / 2</span></div>
            </div>
          </td>
          <td style="width: 12vw;">
            <div style="width: 60px; height: 60px; margin: auto;">
              <div style="color: white; width: 90%; height: 90%; margin: auto; border-radius: 50%; display: flex; align-items: center; justify-content: center;"><span>0 / 2</span></div>
            </div>
          </td>
          <td style="width: 12vw;">
            <div style="width: 60px; height: 60px; margin: auto;">
              <div style="color: white; width: 90%; height: 90%; margin: auto; border-radius: 50%; display: flex; align-items: center; justify-content: center;"><span>0 / 2</span></div>
            </div>
          </td>
          <td style="width: 12vw;">
            <div style="width: 60px; height: 60px; margin: auto;">
              <div style="color: white; width: 90%; height: 90%; margin: auto; border-radius: 50%; display: flex; align-items: center; justify-content: center;"><span>0 / 2</span></div>
            </div>
          </td>
        </tr>
        <tr>
          <td>
            Vekvessætra
          </td>
          <td style="width: 12vw;">
            <div style="width: 60px; height: 60px; margin: auto;">
              <div style="color: white; width: 90%; height: 90%; margin: auto; border-radius: 50%; display: flex; align-items: center; justify-content: center;"><span>0 / 20</span></div>
            </div>
          </td>
          <td style="width: 12vw;">
            <div style="width: 60px; height: 60px; margin: auto;">
              <div style="color: white; width: 90%; height: 90%; margin: auto; border-radius: 50%; display: flex; align-items: center; justify-content: center;"><span>0 / 20</span></div>
            </div>
          </td>
          <td style="width: 12vw;">
            <div style="width: 60px; height: 60px; margin: auto;">
              <div style="color: white; width: 90%; height: 90%; margin: auto; border-radius: 50%; display: flex; align-items: center; justify-content: center;"><span>0 / 20</span></div>
            </div>
          </td>
          <td style="width: 12vw;">
            <div style="width: 60px; height: 60px; margin: auto;">
              <div style="color: white; width: 90%; height: 90%; margin: auto; border-radius: 50%; display: flex; align-items: center; justify-content: center;"><span>0 / 20</span></div>
            </div>
          </td>
          <td style="width: 12vw;">
            <div style="width: 60px; height: 60px; margin: auto;">
              <div style="color: white; width: 90%; height: 90%; margin: auto; border-radius: 50%; display: flex; align-items: center; justify-content: center;"><span>0 / 20</span></div>
            </div>
          </td>
          <td style="width: 12vw;">
            <div style="width: 60px; height: 60px; margin: auto;">
              <div style="color: white; width: 90%; height: 90%; margin: auto; border-radius: 50%; display: flex; align-items: center; justify-content: center;"><span>0 / 20</span></div>
            </div>
          </td>
          <td style="width: 12vw;">
            <div style="width: 60px; height: 60px; margin: auto;">
              <div style="color: white; width: 90%; height: 90%; margin: auto; border-radius: 50%; display: flex; align-items: center; justify-content: center;"><span>0 / 20</span></div>
            </div>
          </td>
        </tr>
        <tr>
          <td>
            Fosenkoia
          </td>
          <td style="width: 12vw;">
            <div style="width: 60px; height: 60px; margin: auto;">
              <div style="color: white; width: 90%; height: 90%; margin: auto; border-radius: 50%; display: flex; align-items: center; justify-content: center;"><span>0 / 10</span></div>
            </div>
          </td>
          <td style="width: 12vw;">
            <div style="width: 60px; height: 60px; margin: auto;">
              <div style="color: white; width: 90%; height: 90%; margin: auto; border-radius: 50%; display: flex; align-items: center; justify-content: center;"><span>0 / 10</span></div>
            </div>
          </td>
          <td style="width: 12vw;">
            <div style="width: 60px; height: 60px; margin: auto;">
              <div style="color: white; width: 90%; height: 90%; margin: auto; border-radius: 50%; display: flex; align-items: center; justify-content: center;"><span>0 / 10</span></div>
            </div>
          </td>
          <td style="width: 12vw;">
            <div style="width: 60px; height: 60px; margin: auto;">
              <div style="color: white; width: 90%; height: 90%; margin: auto; border-radius: 50%; display: flex; align-items: center; justify-content: center;"><span>0 / 10</span></div>
            </div>
          </td>
          <td style="width: 12vw;">
            <div style="width: 60px; height: 60px; margin: auto;">
              <div style="color: white; width: 90%; height: 90%; margin: auto; border-radius: 50%; display: flex; align-items: center; justify-content: center;"><span>0 / 10</span></div>
            </div>
          </td>
          <td style="width: 12vw;">
            <div style="width: 60px; height: 60px; margin: auto;">
              <div style="color: white; width: 90%; height: 90%; margin: auto; border-radius: 50%; display: flex; align-items: center; justify-content: center;"><span>0 / 10</span></div>
            </div>
          </td>
          <td style="width: 12vw;">
            <div style="width: 60px; height: 60px; margin: auto;">
              <div style="color: white; width: 90%; height: 90%; margin: auto; border-radius: 50%; display: flex; align-items: center; justify-content: center;"><span>0 / 10</span></div>
            </div>
          </td>
        </tr>
        <tr>
          <td>
            Tågåbu
          </td>
          <td style="width: 12vw;">
            <div style="width: 60px; height: 60px; margin: auto;">
              <div style="color: white; width: 90%; height: 90%; margin: auto; border-radius: 50%; display: flex; align-items: center; justify-content: center;"><span>0 / 6</span></div>
            </div>
          </td>
          <td style="width: 12vw;">
            <div style="width: 60px; height: 60px; margin: auto;">
              <div style="color: white; width: 90%; height: 90%; margin: auto; border-radius: 50%; display: flex; align-items: center; justify-content: center;"><span>0 / 6</span></div>
            </div>
          </td>
          <td style="width: 12vw;">
            <div style="width: 60px; height: 60px; margin: auto;">
              <div style="color: white; width: 90%; height: 90%; margin: auto; border-radius: 50%; display: flex; align-items: center; justify-content: center;"><span>0 / 6</span></div>
            </div>
          </td>
          <td style="width: 12vw;">
            <div style="width: 60px; height: 60px; margin: auto;">
              <div style="color: white; width: 90%; height: 90%; margin: auto; border-radius: 50%; display: flex; align-items: center; justify-content: center;"><span>0 / 6</span></div>
            </div>
          </td>
          <td style="width: 12vw;">
            <div style="width: 60px; height: 60px; margin: auto;">
              <div style="color: white; width: 90%; height: 90%; margin: auto; border-radius: 50%; display: flex; align-items: center; justify-content: center;"><span>0 / 6</span></div>
            </div>
          </td>
          <td style="width: 12vw;">
            <div style="width: 60px; height: 60px; margin: auto;">
              <div style="color: white; width: 90%; height: 90%; margin: auto; border-radius: 50%; display: flex; align-items: center; justify-content: center;"><span>0 / 6</span></div>
            </div>
          </td>
          <td style="width: 12vw;">
            <div style="width: 60px; height: 60px; margin: auto;">
              <div style="color: white; width: 90%; height: 90%; margin: auto; border-radius: 50%; display: flex; align-items: center; justify-content: center;"><span>0 / 6</span></div>
            </div>
          </td>
        </tr>
        <tr>
          <td>
            Lynhøgen
          </td>
          <td style="width: 12vw;">
            <div style="width: 60px; height: 60px; margin: auto;">
              <div style="color: white; width: 90%; height: 90%; margin: auto; border-radius: 50%; display: flex; align-items: center; justify-content: center;"><span>0 / 4</span></div>
            </div>
          </td>
          <td style="width: 12vw;">
            <div style="width: 60px; height: 60px; margin: auto;">
              <div style="color: white; width: 90%; height: 90%; margin: auto; border-radius: 50%; display: flex; align-items: center; justify-content: center;"><span>0 / 4</span></div>
            </div>
          </td>
          <td style="width: 12vw;">
            <div style="width: 60px; height: 60px; margin: auto;">
              <div style="color: white; width: 90%; height: 90%; margin: auto; border-radius: 50%; display: flex; align-items: center; justify-content: center;"><span>0 / 4</span></div>
            </div>
          </td>
          <td style="width: 12vw;">
            <div style="width: 60px; height: 60px; margin: auto;">
              <div style="color: white; width: 90%; height: 90%; margin: auto; border-radius: 50%; display: flex; align-items: center; justify-content: center;"><span>0 / 4</span></div>
            </div>
          </td>
          <td style="width: 12vw;">
            <div style="width: 60px; height: 60px; margin: auto;">
              <div style="color: white; width: 90%; height: 90%; margin: auto; border-radius: 50%; display: flex; align-items: center; justify-content: center;"><span>0 / 4</span></div>
            </div>
          </td>
          <td style="width: 12vw;">
            <div style="width: 60px; height: 60px; margin: auto;">
              <div style="color: white; width: 90%; height: 90%; margin: auto; border-radius: 50%; display: flex; align-items: center; justify-content: center;"><span>0 / 4</span></div>
            </div>
          </td>
          <td style="width: 12vw;">
            <div style="width: 60px; height: 60px; margin: auto;">
              <div style="color: white; width: 90%; height: 90%; margin: auto; border-radius: 50%; display: flex; align-items: center; justify-content: center;"><span>0 / 4</span></div>
            </div>
          </td>
        </tr>
        <tr>
          <td>
            Selbukåten
          </td>
          <td style="width: 12vw;">
            <div style="width: 60px; height: 60px; margin: auto;">
              <div style="color: white; width: 90%; height: 90%; margin: auto; border-radius: 50%; display: flex; align-items: center; justify-content: center;"><span>0 / 2</span></div>
            </div>
          </td>
          <td style="width: 12vw;">
            <div style="width: 60px; height: 60px; margin: auto;">
              <div style="color: white; width: 90%; height: 90%; margin: auto; border-radius: 50%; display: flex; align-items: center; justify-content: center;"><span>0 / 2</span></div>
            </div>
          </td>
          <td style="width: 12vw;">
            <div style="width: 60px; height: 60px; margin: auto;">
              <div style="color: white; width: 90%; height: 90%; margin: auto; border-radius: 50%; display: flex; align-items: center; justify-content: center;"><span>0 / 2</span></div>
            </div>
          </td>
          <td style="width: 12vw;">
            <div style="width: 60px; height: 60px; margin: auto;">
              <div style="color: white; width: 90%; height: 90%; margin: auto; border-radius: 50%; display: flex; align-items: center; justify-content: center;"><span>0 / 2</span></div>
            </div>
          </td>
          <td style="width: 12vw;">
            <div style="width: 60px; height: 60px; margin: auto;">
              <div style="color: white; width: 90%; height: 90%; margin: auto; border-radius: 50%; display: flex; align-items: center; justify-content: center;"><span>0 / 2</span></div>
            </div>
          </td>
          <td style="width: 12vw;">
            <div style="width: 60px; height: 60px; margin: auto;">
              <div style="color: white; width: 90%; height: 90%; margin: auto; border-radius: 50%; display: flex; align-items: center; justify-content: center;"><span>0 / 2</span></div>
            </div>
          </td>
          <td style="width: 12vw;">
            <div style="width: 60px; height: 60px; margin: auto;">
              <div style="color: white; width: 90%; height: 90%; margin: auto; border-radius: 50%; display: flex; align-items: center; justify-content: center;"><span>0 / 2</span></div>
            </div>
          </td>
        </tr>
        <tr>
          <td>
            Holvassgamma
          </td>
          <td style="width: 12vw;">
            <div style="width: 60px; height: 60px; margin: auto;">
              <div style="color: white; width: 90%; height: 90%; margin: auto; border-radius: 50%; display: flex; align-items: center; justify-content: center;"><span>0 / 8</span></div>
            </div>
          </td>
          <td style="width: 12vw;">
            <div style="width: 60px; height: 60px; margin: auto;">
              <div style="color: white; width: 90%; height: 90%; margin: auto; border-radius: 50%; display: flex; align-items: center; justify-content: center;"><span>0 / 8</span></div>
            </div>
          </td>
          <td style="width: 12vw;">
            <div style="width: 60px; height: 60px; margin: auto;">
              <div style="color: white; width: 90%; height: 90%; margin: auto; border-radius: 50%; display: flex; align-items: center; justify-content: center;"><span>0 / 8</span></div>
            </div>
          </td>
          <td style="width: 12vw;">
            <div style="width: 60px; height: 60px; margin: auto;">
              <div style="color: white; width: 90%; height: 90%; margin: auto; border-radius: 50%; display: flex; align-items: center; justify-content: center;"><span>0 / 8</span></div>
            </div>
          </td>
          <td style="width: 12vw;">
            <div style="width: 60px; height: 60px; margin: auto;">
              <div style="color: white; width: 90%; height: 90%; margin: auto; border-radius: 50%; display: flex; align-items: center; justify-content: center;"><span>0 / 8</span></div>
            </div>
          </td>
          <td style="width: 12vw;">
            <div style="width: 60px; height: 60px; margin: auto;">
              <div style="color: white; width: 90%; height: 90%; margin: auto; border-radius: 50%; display: flex; align-items: center; justify-content: center;"><span>0 / 8</span></div>
            </div>
          </td>
          <td style="width: 12vw;">
            <div style="width: 60px; height: 60px; margin: auto;">
              <div style="color: white; width: 90%; height: 90%; margin: auto; border-radius: 50%; display: flex; align-items: center; justify-content: center;"><span>0 / 8</span></div>
            </div>
          </td>
        </tr>
        <tr>
          <td>
            Kamtjønnkoia
          </td>
          <td style="width: 12vw;">
            <div style="width: 60px; height: 60px; margin: auto;">
              <div style="color: white; width: 90%; height: 90%; margin: auto; border-radius: 50%; display: flex; align-items: center; justify-content: center;"><span>0 / 6</span></div>
            </div>
          </td>
          <td style="width: 12vw;">
            <div style="width: 60px; height: 60px; margin: auto;">
              <div style="color: white; width: 90%; height: 90%; margin: auto; border-radius: 50%; display: flex; align-items: center; justify-content: center;"><span>0 / 6</span></div>
            </div>
          </td>
          <td style="width: 12vw;">
            <div style="width: 60px; height: 60px; margin: auto;">
              <div style="color: white; width: 90%; height: 90%; margin: auto; border-radius: 50%; display: flex; align-items: center; justify-content: center;"><span>0 / 6</span></div>
            </div>
          </td>
          <td style="width: 12vw;">
            <div style="width: 60px; height: 60px; margin: auto;">
              <div style="color: white; width: 90%; height: 90%; margin: auto; border-radius: 50%; display: flex; align-items: center; justify-content: center;"><span>0 / 6</span></div>
            </div>
          </td>
          <td style="width: 12vw;">
            <div style="width: 60px; height: 60px; margin: auto;">
              <div style="color: white; width: 90%; height: 90%; margin: auto; border-radius: 50%; display: flex; align-items: center; justify-content: center;"><span>0 / 6</span></div>
            </div>
          </td>
          <td style="width: 12vw;">
            <div style="width: 60px; height: 60px; margin: auto;">
              <div style="color: white; width: 90%; height: 90%; margin: auto; border-radius: 50%; display: flex; align-items: center; justify-content: center;"><span>0 / 6</span></div>
            </div>
          </td>
          <td style="width: 12vw;">
            <div style="width: 60px; height: 60px; margin: auto;">
              <div style="color: white; width: 90%; height: 90%; margin: auto; border-radius: 50%; display: flex; align-items: center; justify-content: center;"><span>0 / 6</span></div>
            </div>
          </td>
        </tr>
        <tr>
          <td>
            Rindalsløa
          </td>
          <td style="width: 12vw;">
            <div style="width: 60px; height: 60px; margin: auto;">
              <div style="color: white; width: 90%; height: 90%; margin: auto; border-radius: 50%; display: flex; align-items: center; justify-content: center;"><span>0 / 4</span></div>
            </div>
          </td>
          <td style="width: 12vw;">
            <div style="width: 60px; height: 60px; margin: auto;">
              <div style="color: white; width: 90%; height: 90%; margin: auto; border-radius: 50%; display: flex; align-items: center; justify-content: center;"><span>0 / 4</span></div>
            </div>
          </td>
          <td style="width: 12vw;">
            <div style="width: 60px; height: 60px; margin: auto;">
              <div style="color: white; width: 90%; height: 90%; margin: auto; border-radius: 50%; display: flex; align-items: center; justify-content: center;"><span>0 / 4</span></div>
            </div>
          </td>
          <td style="width: 12vw;">
            <div style="width: 60px; height: 60px; margin: auto;">
              <div style="color: white; width: 90%; height: 90%; margin: auto; border-radius: 50%; display: flex; align-items: center; justify-content: center;"><span>0 / 4</span></div>
            </div>
          </td>
          <td style="width: 12vw;">
            <div style="width: 60px; height: 60px; margin: auto;">
              <div style="color: white; width: 90%; height: 90%; margin: auto; border-radius: 50%; display: flex; align-items: center; justify-content: center;"><span>0 / 4</span></div>
            </div>
          </td>
          <td style="width: 12vw;">
            <div style="width: 60px; height: 60px; margin: auto;">
              <div style="color: white; width: 90%; height: 90%; margin: auto; border-radius: 50%; display: flex; align-items: center; justify-content: center;"><span>0 / 4</span></div>
            </div>
          </td>
          <td style="width: 12vw;">
            <div style="width: 60px; height: 60px; margin: auto;">
              <div style="color: white; width: 90%; height: 90%; margin: auto; border-radius: 50%; display: flex; align-items: center; justify-content: center;"><span>0 / 4</span></div>
            </div>
          </td>
        </tr>
        <tr>
          <td>
            Iglbu
          </td>
          <td style="width: 12vw;">
            <div style="width: 60px; height: 60px; margin: auto;">
              <div style="color: white; width: 90%; height: 90%; margin: auto; border-radius: 50%; display: flex; align-items: center; justify-content: center;"><span>0 / 10</span></div>
            </div>
          </td>
          <td style="width: 12vw;">
            <div style="width: 60px; height: 60px; margin: auto;">
              <div style="color: white; width: 90%; height: 90%; margin: auto; border-radius: 50%; display: flex; align-items: center; justify-content: center;"><span>0 / 10</span></div>
            </div>
          </td>
          <td style="width: 12vw;">
            <div style="width: 60px; height: 60px; margin: auto;">
              <div style="color: white; width: 90%; height: 90%; margin: auto; border-radius: 50%; display: flex; align-items: center; justify-content: center;"><span>0 / 10</span></div>
            </div>
          </td>
          <td style="width: 12vw;">
            <div style="width: 60px; height: 60px; margin: auto;">
              <div style="color: white; width: 90%; height: 90%; margin: auto; border-radius: 50%; display: flex; align-items: center; justify-content: center;"><span>0 / 10</span></div>
            </div>
          </td>
          <td style="width: 12vw;">
            <div style="width: 60px; height: 60px; margin: auto;">
              <div style="color: white; width: 90%; height: 90%; margin: auto; border-radius: 50%; display: flex; align-items: center; justify-content: center;"><span>0 / 10</span></div>
            </div>
          </td>
          <td style="width: 12vw;">
            <div style="width: 60px; height: 60px; margin: auto;">
              <div style="color: white; width: 90%; height: 90%; margin: auto; border-radius: 50%; display: flex; align-items: center; justify-content: center;"><span>0 / 10</span></div>
            </div>
          </td>
          <td style="width: 12vw;">
            <div style="width: 60px; height: 60px; margin: auto;">
              <div style="color: white; width: 90%; height: 90%; margin: auto; border-radius: 50%; display: flex; align-items: center; justify-content: center;"><span>0 / 10</span></div>
            </div>
          </td>
        </tr>
        <tr>
          <td>
            Mortenskåten
          </td>
          <td style="width: 12vw;">
            <div style="width: 60px; height: 60px; margin: auto;">
              <div style="color: white; width: 90%; height: 90%; margin: auto; border-radius: 50%; display: flex; align-items: center; justify-content: center;"><span>0 / 2</span></div>
            </div>
          </td>
          <td style="width: 12vw;">
            <div style="width: 60px; height: 60px; margin: auto;">
              <div style="color: white; width: 90%; height: 90%; margin: auto; border-radius: 50%; display: flex; align-items: center; justify-content: center;"><span>0 / 2</span></div>
            </div>
          </td>
          <td style="width: 12vw;">
            <div style="width: 60px; height: 60px; margin: auto;">
              <div style="color: white; width: 90%; height: 90%; margin: auto; border-radius: 50%; display: flex; align-items: center; justify-content: center;"><span>0 / 2</span></div>
            </div>
          </td>
          <td style="width: 12vw;">
            <div style="width: 60px; height: 60px; margin: auto;">
              <div style="color: white; width: 90%; height: 90%; margin: auto; border-radius: 50%; display: flex; align-items: center; justify-content: center;"><span>0 / 2</span></div>
            </div>
          </td>
          <td style="width: 12vw;">
            <div style="width: 60px; height: 60px; margin: auto;">
              <div style="color: white; width: 90%; height: 90%; margin: auto; border-radius: 50%; display: flex; align-items: center; justify-content: center;"><span>0 / 2</span></div>
            </div>
          </td>
          <td style="width: 12vw;">
            <div style="width: 60px; height: 60px; margin: auto;">
              <div style="color: white; width: 90%; height: 90%; margin: auto; border-radius: 50%; display: flex; align-items: center; justify-content: center;"><span>0 / 2</span></div>
            </div>
          </td>
          <td style="width: 12vw;">
            <div style="width: 60px; height: 60px; margin: auto;">
              <div style="color: white; width: 90%; height: 90%; margin: auto; border-radius: 50%; display: flex; align-items: center; justify-content: center;"><span>0 / 2</span></div>
            </div>
          </td>
        </tr>
      </tbody>
    </table>
  </div>
</div>
`;
