// Jest Snapshot v1, https://goo.gl/fbAQLP

exports[`Component NavBar.vue Matches snapshot 1`] = `
<header class="v-sheet theme--dark v-toolbar v-app-bar v-app-bar--fixed backgroundLight" style="height: 64px; margin-top: 0px; transform: translateY(0px); left: 0px; right: 0px;">
  <div class="v-toolbar__content" style="height: 64px;">
    <div><button target="_blank" type="button" class="v-btn v-btn--flat v-btn--text theme--dark v-size--default"><span class="v-btn__content"><h1 class="headline">NTNUI Koiene</h1></span></button></div>
    <div class="spacer"></div>
    <!----> <button type="button" class="mr-4 v-btn v-btn--contained theme--dark v-size--default"><span class="v-btn__content">
  LOG IN
</span></button>
  </div>
</header>
`;
