// Jest Snapshot v1, https://goo.gl/fbAQLP

exports[`View Admin.vue Matches snapshot 1`] = `
<div>
  <div class="v-card v-sheet theme--light">
    <nav class="v-navigation-drawer v-navigation-drawer--fixed v-navigation-drawer--open theme--dark" style="height: 100vh; top: 0px; max-height: calc(100% - 0px); transform: translateX(0%); width: 256px;" id="sideBarDrawer">
      <div class="v-navigation-drawer__content">
        <div class="v-list v-sheet v-sheet--tile theme--dark">
          <div tabindex="-1" class="v-list-item v-list-item--two-line theme--dark">
            <div class="v-avatar v-list-item__avatar" style="height: 40px; min-width: 40px; width: 40px;"><img src="https://ntnui.no/wp-content/uploads/2018/04/ntnui-logo-liten.png"></div>
            <div class="v-list-item__content">
              <div class="v-list-item__title">Admin</div>
              <div class="v-list-item__subtitle">Koie-styret</div>
            </div>
          </div>
          <div>
            <div tabindex="0" id="sideBarallCabins" class="v-list-item v-list-item--link theme--dark">
              <div class="v-list-item__icon"><i aria-hidden="true" v-text="calendar-month" class="v-icon notranslate material-icons theme--dark"></i></div>
              <div class="v-list-item__content">
                <div class="v-list-item__title">Alle koier</div>
              </div>
            </div>
            <div tabindex="0" id="sideBarreports" class="v-list-item v-list-item--link theme--dark">
              <div class="v-list-item__icon"><i aria-hidden="true" v-text="file-document-outline" class="v-icon notranslate material-icons theme--dark"></i></div>
              <div class="v-list-item__content">
                <div class="v-list-item__title">Rapporter</div>
              </div>
            </div>
          </div>
        </div>
      </div>
      <div class="v-navigation-drawer__border"></div>
    </nav>
  </div>
  <div id="adminContentView">
    <div class="row justify-center">
      <h4>Her kommer tabell over alle hytter</h4>
    </div>
  </div>
</div>
`;
