// Jest Snapshot v1, https://goo.gl/fbAQLP

exports[`View Admin.vue Matches snapshot 1`] = `
<div>
  <div class="v-card v-sheet theme--light">
    <nav class="v-navigation-drawer v-navigation-drawer--fixed v-navigation-drawer--open theme--light" style="height: 100vh; top: 0px; max-height: calc(100% - 0px); transform: translateX(0%); width: 256px;" id="sideBarDrawer">
      <div class="v-navigation-drawer__image">
        <div class="v-responsive v-image" style="height: 100%; width: 100%;">
          <div class="v-image__image v-image__image--preload v-image__image--cover" style="background-position: center center;" name="fade-transition" mode="in-out"></div>
          <div class="v-responsive__content"></div>
        </div>
      </div>
      <div class="v-navigation-drawer__content">
        <div class="v-list v-sheet v-sheet--tile theme--light" style="height: 100vh;">
          <div tabindex="-1" class="v-list-item v-list-item--two-line theme--light">
            <div class="v-avatar v-list-item__avatar" style="height: 40px; min-width: 40px; width: 40px;"><img src="https://ntnui.no/wp-content/uploads/2018/04/ntnui-logo-liten.png"></div>
            <div class="v-list-item__content">
              <div class="v-list-item__title">Admin</div>
              <div class="v-list-item__subtitle">Koie-styret</div>
            </div>
          </div>
          <div>
            <div tabindex="0" id="sideBarallCabins" class="v-list-item v-list-item v-list-item--link theme--light">
              <div class="v-list-item__icon"><i aria-hidden="true" v-text="calendar-month" class="v-icon notranslate material-icons theme--light"></i></div>
              <div class="v-list-item__content">
                <div class="v-list-item__title">Alle koier</div>
              </div>
            </div>
            <div tabindex="0" id="sideBarreports" class="v-list-item v-list-item v-list-item--link theme--light">
              <div class="v-list-item__icon"><i aria-hidden="true" v-text="file-document-outline" class="v-icon notranslate material-icons theme--light"></i></div>
              <div class="v-list-item__content">
                <div class="v-list-item__title">Rapporter</div>
              </div>
            </div>
          </div>
        </div>
      </div>
      <div class="v-navigation-drawer__border"></div>
    </nav>
  </div>
  <div id="adminContentView">
    <div>
      <h2 style="text-align: center;">Oversikt over bookinger</h2>
      <div class="row justify-center">
        <div class="col col-4">
          <h5 style="text-align: center;">Velg dato</h5>
          <div class="v-menu" first-day-of-week="1" no-title="">
            <!---->
          </div>
          <div class="v-input v-input--is-readonly theme--light v-text-field">
            <div class="v-input__prepend-outer">
              <div class="v-input__icon v-input__icon--prepend"><i aria-hidden="true" class="v-icon notranslate material-icons theme--light">event</i></div>
            </div>
            <div class="v-input__control">
              <div class="v-input__slot">
                <div class="v-text-field__slot"><label for="input-25" class="v-label theme--light" style="left: 0px; position: absolute;">2020-10-01</label><input role="button" aria-haspopup="true" aria-expanded="false" id="input-25" readonly="readonly" type="text"></div>
              </div>
              <div class="v-text-field__details">
                <div class="v-messages theme--light"><span name="message-transition" tag="div" class="v-messages__wrapper"></span></div>
              </div>
            </div>
          </div>
        </div>
      </div>
      <div class="row justify-space-between">
        <div class="col">
          <div class="row justify-start"><button type="button" class="navBtn v-btn v-btn--contained theme--light v-size--default" style="height: 50px; width: 50px;"><span class="v-btn__content">-1 å</span></button><button type="button" class="navBtn v-btn v-btn--contained theme--light v-size--default" style="height: 50px; width: 50px;"><span class="v-btn__content">-1 m</span></button><button type="button" class="navBtn v-btn v-btn--contained theme--light v-size--default" style="height: 50px; width: 50px;"><span class="v-btn__content">-1 u</span></button><button type="button" class="navBtn v-btn v-btn--contained theme--light v-size--default" style="height: 50px; width: 50px;"><span class="v-btn__content">-1 d</span></button></div>
        </div>
        <div class="col">
          <div class="row justify-end"><button type="button" class="navBtn v-btn v-btn--contained theme--light v-size--default" style="height: 50px; width: 50px;"><span class="v-btn__content">+1 d</span></button><button type="button" class="navBtn v-btn v-btn--contained theme--light v-size--default" style="height: 50px; width: 50px;"><span class="v-btn__content">+1 u</span></button><button type="button" class="navBtn v-btn v-btn--contained theme--light v-size--default" style="height: 50px; width: 50px;"><span class="v-btn__content">+1 m</span></button><button type="button" class="navBtn v-btn v-btn--contained theme--light v-size--default" style="height: 50px; width: 50px;"><span class="v-btn__content">+1 å</span></button></div>
        </div>
      </div>
      <div class="row justify-center">
        <div class="v-data-table theme--light" style="width: 100%;">
          <div class="v-data-table__wrapper">
            <table>
              <colgroup>
                <col class="">
                <col class="">
                <col class="">
                <col class="">
                <col class="">
                <col class="">
                <col class="">
                <col class="">
              </colgroup>
              <thead class="v-data-table-header">
                <tr>
                  <th role="columnheader" scope="col" aria-label="Navn: Not sorted. Activate to sort ascending." aria-sort="none" class="text-start sortable"><span>Navn</span><i aria-hidden="true" class="v-icon notranslate v-data-table-header__icon mdi mdi-arrow-up theme--light" style="font-size: 18px;"></i></th>
                  <th role="columnheader" scope="col" aria-label="2020-10-01
 (torsdag): Not sorted. Activate to sort ascending." aria-sort="none" class="text-center sortable"><span>2020-10-01
 (torsdag)</span><i aria-hidden="true" class="v-icon notranslate v-data-table-header__icon mdi mdi-arrow-up theme--light" style="font-size: 18px;"></i></th>
                  <th role="columnheader" scope="col" aria-label="2020-10-02
 (fredag): Not sorted. Activate to sort ascending." aria-sort="none" class="text-center sortable"><span>2020-10-02
 (fredag)</span><i aria-hidden="true" class="v-icon notranslate v-data-table-header__icon mdi mdi-arrow-up theme--light" style="font-size: 18px;"></i></th>
                  <th role="columnheader" scope="col" aria-label="2020-10-03
 (lørdag): Not sorted. Activate to sort ascending." aria-sort="none" class="text-center sortable"><span>2020-10-03
 (lørdag)</span><i aria-hidden="true" class="v-icon notranslate v-data-table-header__icon mdi mdi-arrow-up theme--light" style="font-size: 18px;"></i></th>
                  <th role="columnheader" scope="col" aria-label="2020-10-04
 (søndag): Not sorted. Activate to sort ascending." aria-sort="none" class="text-center sortable"><span>2020-10-04
 (søndag)</span><i aria-hidden="true" class="v-icon notranslate v-data-table-header__icon mdi mdi-arrow-up theme--light" style="font-size: 18px;"></i></th>
                  <th role="columnheader" scope="col" aria-label="2020-10-05
 (mandag): Not sorted. Activate to sort ascending." aria-sort="none" class="text-center sortable"><span>2020-10-05
 (mandag)</span><i aria-hidden="true" class="v-icon notranslate v-data-table-header__icon mdi mdi-arrow-up theme--light" style="font-size: 18px;"></i></th>
                  <th role="columnheader" scope="col" aria-label="2020-10-06
 (tirsdag): Not sorted. Activate to sort ascending." aria-sort="none" class="text-center sortable"><span>2020-10-06
 (tirsdag)</span><i aria-hidden="true" class="v-icon notranslate v-data-table-header__icon mdi mdi-arrow-up theme--light" style="font-size: 18px;"></i></th>
                  <th role="columnheader" scope="col" aria-label="2020-10-07
 (onsdag): Not sorted. Activate to sort ascending." aria-sort="none" class="text-center sortable"><span>2020-10-07
 (onsdag)</span><i aria-hidden="true" class="v-icon notranslate v-data-table-header__icon mdi mdi-arrow-up theme--light" style="font-size: 18px;"></i></th>
                </tr>
              </thead>
              <tbody>
                <tr>
                  <td>
                    Høgnabu
                  </td>
                  <td style="width: 12vw;">
                    <div style="width: 60px; height: 60px; margin: auto;">
                      <div style="color: black; width: 90%; height: 90%; margin: auto; border-radius: 50%; background: green;"><span style="position: relative; top: 30%; left: 10%;">6 / 6</span></div>
                    </div>
                  </td>
                  <td style="width: 12vw;">
                    <div style="width: 60px; height: 60px; margin: auto;">
                      <div style="color: black; width: 90%; height: 90%; margin: auto; border-radius: 50%; background: green;"><span style="position: relative; top: 30%; left: 10%;">6 / 6</span></div>
                    </div>
                  </td>
                  <td style="width: 12vw;">
                    <div style="width: 60px; height: 60px; margin: auto;">
                      <div style="color: black; width: 90%; height: 90%; margin: auto; border-radius: 50%; background: green;"><span style="position: relative; top: 30%; left: 10%;">6 / 6</span></div>
                    </div>
                  </td>
                  <td style="width: 12vw;">
                    <div style="width: 60px; height: 60px; margin: auto;">
                      <div style="color: black; width: 90%; height: 90%; margin: auto; border-radius: 50%; background: green;"><span style="position: relative; top: 30%; left: 10%;">6 / 6</span></div>
                    </div>
                  </td>
                  <td style="width: 12vw;">
                    <div style="width: 60px; height: 60px; margin: auto;">
                      <div style="color: black; width: 90%; height: 90%; margin: auto; border-radius: 50%; background: green;"><span style="position: relative; top: 30%; left: 10%;">6 / 6</span></div>
                    </div>
                  </td>
                  <td style="width: 12vw;">
                    <div style="width: 60px; height: 60px; margin: auto;">
                      <div style="color: black; width: 90%; height: 90%; margin: auto; border-radius: 50%; background: green;"><span style="position: relative; top: 30%; left: 10%;">6 / 6</span></div>
                    </div>
                  </td>
                  <td style="width: 12vw;">
                    <div style="width: 60px; height: 60px; margin: auto;">
                      <div style="color: black; width: 90%; height: 90%; margin: auto; border-radius: 50%; background: green;"><span style="position: relative; top: 30%; left: 10%;">6 / 6</span></div>
                    </div>
                  </td>
                </tr>
                <tr>
                  <td>
                    Flåkoia
                  </td>
                  <td style="width: 12vw;">
                    <div style="width: 60px; height: 60px; margin: auto;">
                      <div style="color: black; width: 90%; height: 90%; margin: auto; border-radius: 50%; background: red;"><span style="position: relative; top: 30%; left: 10%;">0 / 11</span></div>
                    </div>
                  </td>
                  <td style="width: 12vw;">
                    <div style="width: 60px; height: 60px; margin: auto;">
                      <div style="color: black; width: 90%; height: 90%; margin: auto; border-radius: 50%; background: red;"><span style="position: relative; top: 30%; left: 10%;">0 / 11</span></div>
                    </div>
                  </td>
                  <td style="width: 12vw;">
                    <div style="width: 60px; height: 60px; margin: auto;">
                      <div style="color: black; width: 90%; height: 90%; margin: auto; border-radius: 50%; background: red;"><span style="position: relative; top: 30%; left: 10%;">0 / 11</span></div>
                    </div>
                  </td>
                  <td style="width: 12vw;">
                    <div style="width: 60px; height: 60px; margin: auto;">
                      <div style="color: black; width: 90%; height: 90%; margin: auto; border-radius: 50%; background: green;"><span style="position: relative; top: 30%; left: 10%;">11 / 11</span></div>
                    </div>
                  </td>
                  <td style="width: 12vw;">
                    <div style="width: 60px; height: 60px; margin: auto;">
                      <div style="color: black; width: 90%; height: 90%; margin: auto; border-radius: 50%;"><span style="position: relative; top: 30%; left: 10%;">9 / 11</span></div>
                    </div>
                  </td>
                  <td style="width: 12vw;">
                    <div style="width: 60px; height: 60px; margin: auto;">
                      <div style="color: black; width: 90%; height: 90%; margin: auto; border-radius: 50%; background: red;"><span style="position: relative; top: 30%; left: 10%;">0 / 11</span></div>
                    </div>
                  </td>
                  <td style="width: 12vw;">
                    <div style="width: 60px; height: 60px; margin: auto;">
                      <div style="color: black; width: 90%; height: 90%; margin: auto; border-radius: 50%; background: green;"><span style="position: relative; top: 30%; left: 10%;">11 / 11</span></div>
                    </div>
                  </td>
                </tr>
                <tr>
                  <td>
                    Øvensenget
                  </td>
                  <td style="width: 12vw;">
                    <div style="width: 60px; height: 60px; margin: auto;">
                      <div style="color: black; width: 90%; height: 90%; margin: auto; border-radius: 50%; background: green;"><span style="position: relative; top: 30%; left: 10%;">8 / 8</span></div>
                    </div>
                  </td>
                  <td style="width: 12vw;">
                    <div style="width: 60px; height: 60px; margin: auto;">
                      <div style="color: black; width: 90%; height: 90%; margin: auto; border-radius: 50%; background: green;"><span style="position: relative; top: 30%; left: 10%;">8 / 8</span></div>
                    </div>
                  </td>
                  <td style="width: 12vw;">
                    <div style="width: 60px; height: 60px; margin: auto;">
                      <div style="color: black; width: 90%; height: 90%; margin: auto; border-radius: 50%; background: green;"><span style="position: relative; top: 30%; left: 10%;">8 / 8</span></div>
                    </div>
                  </td>
                  <td style="width: 12vw;">
                    <div style="width: 60px; height: 60px; margin: auto;">
                      <div style="color: black; width: 90%; height: 90%; margin: auto; border-radius: 50%; background: green;"><span style="position: relative; top: 30%; left: 10%;">8 / 8</span></div>
                    </div>
                  </td>
                  <td style="width: 12vw;">
                    <div style="width: 60px; height: 60px; margin: auto;">
                      <div style="color: black; width: 90%; height: 90%; margin: auto; border-radius: 50%; background: green;"><span style="position: relative; top: 30%; left: 10%;">8 / 8</span></div>
                    </div>
                  </td>
                  <td style="width: 12vw;">
                    <div style="width: 60px; height: 60px; margin: auto;">
                      <div style="color: black; width: 90%; height: 90%; margin: auto; border-radius: 50%; background: green;"><span style="position: relative; top: 30%; left: 10%;">8 / 8</span></div>
                    </div>
                  </td>
                  <td style="width: 12vw;">
                    <div style="width: 60px; height: 60px; margin: auto;">
                      <div style="color: black; width: 90%; height: 90%; margin: auto; border-radius: 50%; background: green;"><span style="position: relative; top: 30%; left: 10%;">8 / 8</span></div>
                    </div>
                  </td>
                </tr>
                <tr>
                  <td>
                    Kåsen
                  </td>
                  <td style="width: 12vw;">
                    <div style="width: 60px; height: 60px; margin: auto;">
                      <div style="color: black; width: 90%; height: 90%; margin: auto; border-radius: 50%; background: green;"><span style="position: relative; top: 30%; left: 10%;">8 / 8</span></div>
                    </div>
                  </td>
                  <td style="width: 12vw;">
                    <div style="width: 60px; height: 60px; margin: auto;">
                      <div style="color: black; width: 90%; height: 90%; margin: auto; border-radius: 50%; background: green;"><span style="position: relative; top: 30%; left: 10%;">8 / 8</span></div>
                    </div>
                  </td>
                  <td style="width: 12vw;">
                    <div style="width: 60px; height: 60px; margin: auto;">
                      <div style="color: black; width: 90%; height: 90%; margin: auto; border-radius: 50%; background: green;"><span style="position: relative; top: 30%; left: 10%;">8 / 8</span></div>
                    </div>
                  </td>
                  <td style="width: 12vw;">
                    <div style="width: 60px; height: 60px; margin: auto;">
                      <div style="color: black; width: 90%; height: 90%; margin: auto; border-radius: 50%; background: green;"><span style="position: relative; top: 30%; left: 10%;">8 / 8</span></div>
                    </div>
                  </td>
                  <td style="width: 12vw;">
                    <div style="width: 60px; height: 60px; margin: auto;">
                      <div style="color: black; width: 90%; height: 90%; margin: auto; border-radius: 50%; background: green;"><span style="position: relative; top: 30%; left: 10%;">8 / 8</span></div>
                    </div>
                  </td>
                  <td style="width: 12vw;">
                    <div style="width: 60px; height: 60px; margin: auto;">
                      <div style="color: black; width: 90%; height: 90%; margin: auto; border-radius: 50%; background: green;"><span style="position: relative; top: 30%; left: 10%;">8 / 8</span></div>
                    </div>
                  </td>
                  <td style="width: 12vw;">
                    <div style="width: 60px; height: 60px; margin: auto;">
                      <div style="color: black; width: 90%; height: 90%; margin: auto; border-radius: 50%; background: green;"><span style="position: relative; top: 30%; left: 10%;">8 / 8</span></div>
                    </div>
                  </td>
                </tr>
                <tr>
                  <td>
                    Stakkslettbua
                  </td>
                  <td style="width: 12vw;">
                    <div style="width: 60px; height: 60px; margin: auto;">
                      <div style="color: black; width: 90%; height: 90%; margin: auto; border-radius: 50%; background: green;"><span style="position: relative; top: 30%; left: 10%;">11 / 11</span></div>
                    </div>
                  </td>
                  <td style="width: 12vw;">
                    <div style="width: 60px; height: 60px; margin: auto;">
                      <div style="color: black; width: 90%; height: 90%; margin: auto; border-radius: 50%; background: green;"><span style="position: relative; top: 30%; left: 10%;">11 / 11</span></div>
                    </div>
                  </td>
                  <td style="width: 12vw;">
                    <div style="width: 60px; height: 60px; margin: auto;">
                      <div style="color: black; width: 90%; height: 90%; margin: auto; border-radius: 50%; background: green;"><span style="position: relative; top: 30%; left: 10%;">11 / 11</span></div>
                    </div>
                  </td>
                  <td style="width: 12vw;">
                    <div style="width: 60px; height: 60px; margin: auto;">
                      <div style="color: black; width: 90%; height: 90%; margin: auto; border-radius: 50%; background: green;"><span style="position: relative; top: 30%; left: 10%;">11 / 11</span></div>
                    </div>
                  </td>
                  <td style="width: 12vw;">
                    <div style="width: 60px; height: 60px; margin: auto;">
                      <div style="color: black; width: 90%; height: 90%; margin: auto; border-radius: 50%; background: green;"><span style="position: relative; top: 30%; left: 10%;">11 / 11</span></div>
                    </div>
                  </td>
                  <td style="width: 12vw;">
                    <div style="width: 60px; height: 60px; margin: auto;">
                      <div style="color: black; width: 90%; height: 90%; margin: auto; border-radius: 50%; background: green;"><span style="position: relative; top: 30%; left: 10%;">11 / 11</span></div>
                    </div>
                  </td>
                  <td style="width: 12vw;">
                    <div style="width: 60px; height: 60px; margin: auto;">
                      <div style="color: black; width: 90%; height: 90%; margin: auto; border-radius: 50%; background: green;"><span style="position: relative; top: 30%; left: 10%;">11 / 11</span></div>
                    </div>
                  </td>
                </tr>
                <tr>
                  <td>
                    Holmsåkoia
                  </td>
                  <td style="width: 12vw;">
                    <div style="width: 60px; height: 60px; margin: auto;">
                      <div style="color: black; width: 90%; height: 90%; margin: auto; border-radius: 50%; background: green;"><span style="position: relative; top: 30%; left: 10%;">20 / 20</span></div>
                    </div>
                  </td>
                  <td style="width: 12vw;">
                    <div style="width: 60px; height: 60px; margin: auto;">
                      <div style="color: black; width: 90%; height: 90%; margin: auto; border-radius: 50%; background: green;"><span style="position: relative; top: 30%; left: 10%;">20 / 20</span></div>
                    </div>
                  </td>
                  <td style="width: 12vw;">
                    <div style="width: 60px; height: 60px; margin: auto;">
                      <div style="color: black; width: 90%; height: 90%; margin: auto; border-radius: 50%; background: green;"><span style="position: relative; top: 30%; left: 10%;">20 / 20</span></div>
                    </div>
                  </td>
                  <td style="width: 12vw;">
                    <div style="width: 60px; height: 60px; margin: auto;">
                      <div style="color: black; width: 90%; height: 90%; margin: auto; border-radius: 50%; background: green;"><span style="position: relative; top: 30%; left: 10%;">20 / 20</span></div>
                    </div>
                  </td>
                  <td style="width: 12vw;">
                    <div style="width: 60px; height: 60px; margin: auto;">
                      <div style="color: black; width: 90%; height: 90%; margin: auto; border-radius: 50%; background: green;"><span style="position: relative; top: 30%; left: 10%;">20 / 20</span></div>
                    </div>
                  </td>
                  <td style="width: 12vw;">
                    <div style="width: 60px; height: 60px; margin: auto;">
                      <div style="color: black; width: 90%; height: 90%; margin: auto; border-radius: 50%; background: green;"><span style="position: relative; top: 30%; left: 10%;">20 / 20</span></div>
                    </div>
                  </td>
                  <td style="width: 12vw;">
                    <div style="width: 60px; height: 60px; margin: auto;">
                      <div style="color: black; width: 90%; height: 90%; margin: auto; border-radius: 50%; background: green;"><span style="position: relative; top: 30%; left: 10%;">20 / 20</span></div>
                    </div>
                  </td>
                </tr>
                <tr>
                  <td>
                    Sonvasskoia
                  </td>
                  <td style="width: 12vw;">
                    <div style="width: 60px; height: 60px; margin: auto;">
                      <div style="color: black; width: 90%; height: 90%; margin: auto; border-radius: 50%; background: green;"><span style="position: relative; top: 30%; left: 10%;">8 / 8</span></div>
                    </div>
                  </td>
                  <td style="width: 12vw;">
                    <div style="width: 60px; height: 60px; margin: auto;">
                      <div style="color: black; width: 90%; height: 90%; margin: auto; border-radius: 50%; background: green;"><span style="position: relative; top: 30%; left: 10%;">8 / 8</span></div>
                    </div>
                  </td>
                  <td style="width: 12vw;">
                    <div style="width: 60px; height: 60px; margin: auto;">
                      <div style="color: black; width: 90%; height: 90%; margin: auto; border-radius: 50%; background: green;"><span style="position: relative; top: 30%; left: 10%;">8 / 8</span></div>
                    </div>
                  </td>
                  <td style="width: 12vw;">
                    <div style="width: 60px; height: 60px; margin: auto;">
                      <div style="color: black; width: 90%; height: 90%; margin: auto; border-radius: 50%; background: green;"><span style="position: relative; top: 30%; left: 10%;">8 / 8</span></div>
                    </div>
                  </td>
                  <td style="width: 12vw;">
                    <div style="width: 60px; height: 60px; margin: auto;">
                      <div style="color: black; width: 90%; height: 90%; margin: auto; border-radius: 50%; background: green;"><span style="position: relative; top: 30%; left: 10%;">8 / 8</span></div>
                    </div>
                  </td>
                  <td style="width: 12vw;">
                    <div style="width: 60px; height: 60px; margin: auto;">
                      <div style="color: black; width: 90%; height: 90%; margin: auto; border-radius: 50%; background: green;"><span style="position: relative; top: 30%; left: 10%;">8 / 8</span></div>
                    </div>
                  </td>
                  <td style="width: 12vw;">
                    <div style="width: 60px; height: 60px; margin: auto;">
                      <div style="color: black; width: 90%; height: 90%; margin: auto; border-radius: 50%; background: green;"><span style="position: relative; top: 30%; left: 10%;">8 / 8</span></div>
                    </div>
                  </td>
                </tr>
                <tr>
                  <td>
                    Nicokoia
                  </td>
                  <td style="width: 12vw;">
                    <div style="width: 60px; height: 60px; margin: auto;">
                      <div style="color: black; width: 90%; height: 90%; margin: auto; border-radius: 50%; background: green;"><span style="position: relative; top: 30%; left: 10%;">8 / 8</span></div>
                    </div>
                  </td>
                  <td style="width: 12vw;">
                    <div style="width: 60px; height: 60px; margin: auto;">
                      <div style="color: black; width: 90%; height: 90%; margin: auto; border-radius: 50%; background: green;"><span style="position: relative; top: 30%; left: 10%;">8 / 8</span></div>
                    </div>
                  </td>
                  <td style="width: 12vw;">
                    <div style="width: 60px; height: 60px; margin: auto;">
                      <div style="color: black; width: 90%; height: 90%; margin: auto; border-radius: 50%; background: green;"><span style="position: relative; top: 30%; left: 10%;">8 / 8</span></div>
                    </div>
                  </td>
                  <td style="width: 12vw;">
                    <div style="width: 60px; height: 60px; margin: auto;">
                      <div style="color: black; width: 90%; height: 90%; margin: auto; border-radius: 50%; background: green;"><span style="position: relative; top: 30%; left: 10%;">8 / 8</span></div>
                    </div>
                  </td>
                  <td style="width: 12vw;">
                    <div style="width: 60px; height: 60px; margin: auto;">
                      <div style="color: black; width: 90%; height: 90%; margin: auto; border-radius: 50%; background: green;"><span style="position: relative; top: 30%; left: 10%;">8 / 8</span></div>
                    </div>
                  </td>
                  <td style="width: 12vw;">
                    <div style="width: 60px; height: 60px; margin: auto;">
                      <div style="color: black; width: 90%; height: 90%; margin: auto; border-radius: 50%; background: green;"><span style="position: relative; top: 30%; left: 10%;">8 / 8</span></div>
                    </div>
                  </td>
                  <td style="width: 12vw;">
                    <div style="width: 60px; height: 60px; margin: auto;">
                      <div style="color: black; width: 90%; height: 90%; margin: auto; border-radius: 50%; background: green;"><span style="position: relative; top: 30%; left: 10%;">8 / 8</span></div>
                    </div>
                  </td>
                </tr>
                <tr>
                  <td>
                    Telin
                  </td>
                  <td style="width: 12vw;">
                    <div style="width: 60px; height: 60px; margin: auto;">
                      <div style="color: black; width: 90%; height: 90%; margin: auto; border-radius: 50%; background: green;"><span style="position: relative; top: 30%; left: 10%;">9 / 9</span></div>
                    </div>
                  </td>
                  <td style="width: 12vw;">
                    <div style="width: 60px; height: 60px; margin: auto;">
                      <div style="color: black; width: 90%; height: 90%; margin: auto; border-radius: 50%; background: green;"><span style="position: relative; top: 30%; left: 10%;">9 / 9</span></div>
                    </div>
                  </td>
                  <td style="width: 12vw;">
                    <div style="width: 60px; height: 60px; margin: auto;">
                      <div style="color: black; width: 90%; height: 90%; margin: auto; border-radius: 50%; background: green;"><span style="position: relative; top: 30%; left: 10%;">9 / 9</span></div>
                    </div>
                  </td>
                  <td style="width: 12vw;">
                    <div style="width: 60px; height: 60px; margin: auto;">
                      <div style="color: black; width: 90%; height: 90%; margin: auto; border-radius: 50%; background: green;"><span style="position: relative; top: 30%; left: 10%;">9 / 9</span></div>
                    </div>
                  </td>
                  <td style="width: 12vw;">
                    <div style="width: 60px; height: 60px; margin: auto;">
                      <div style="color: black; width: 90%; height: 90%; margin: auto; border-radius: 50%; background: green;"><span style="position: relative; top: 30%; left: 10%;">9 / 9</span></div>
                    </div>
                  </td>
                  <td style="width: 12vw;">
                    <div style="width: 60px; height: 60px; margin: auto;">
                      <div style="color: black; width: 90%; height: 90%; margin: auto; border-radius: 50%; background: green;"><span style="position: relative; top: 30%; left: 10%;">9 / 9</span></div>
                    </div>
                  </td>
                  <td style="width: 12vw;">
                    <div style="width: 60px; height: 60px; margin: auto;">
                      <div style="color: black; width: 90%; height: 90%; margin: auto; border-radius: 50%; background: green;"><span style="position: relative; top: 30%; left: 10%;">9 / 9</span></div>
                    </div>
                  </td>
                </tr>
                <tr>
                  <td>
                    Lyngli
                  </td>
                  <td style="width: 12vw;">
                    <div style="width: 60px; height: 60px; margin: auto;">
                      <div style="color: black; width: 90%; height: 90%; margin: auto; border-radius: 50%; background: green;"><span style="position: relative; top: 30%; left: 10%;">13 / 13</span></div>
                    </div>
                  </td>
                  <td style="width: 12vw;">
                    <div style="width: 60px; height: 60px; margin: auto;">
                      <div style="color: black; width: 90%; height: 90%; margin: auto; border-radius: 50%; background: green;"><span style="position: relative; top: 30%; left: 10%;">13 / 13</span></div>
                    </div>
                  </td>
                  <td style="width: 12vw;">
                    <div style="width: 60px; height: 60px; margin: auto;">
                      <div style="color: black; width: 90%; height: 90%; margin: auto; border-radius: 50%; background: green;"><span style="position: relative; top: 30%; left: 10%;">13 / 13</span></div>
                    </div>
                  </td>
                  <td style="width: 12vw;">
                    <div style="width: 60px; height: 60px; margin: auto;">
                      <div style="color: black; width: 90%; height: 90%; margin: auto; border-radius: 50%; background: green;"><span style="position: relative; top: 30%; left: 10%;">13 / 13</span></div>
                    </div>
                  </td>
                  <td style="width: 12vw;">
                    <div style="width: 60px; height: 60px; margin: auto;">
                      <div style="color: black; width: 90%; height: 90%; margin: auto; border-radius: 50%; background: green;"><span style="position: relative; top: 30%; left: 10%;">13 / 13</span></div>
                    </div>
                  </td>
                  <td style="width: 12vw;">
                    <div style="width: 60px; height: 60px; margin: auto;">
                      <div style="color: black; width: 90%; height: 90%; margin: auto; border-radius: 50%; background: green;"><span style="position: relative; top: 30%; left: 10%;">13 / 13</span></div>
                    </div>
                  </td>
                  <td style="width: 12vw;">
                    <div style="width: 60px; height: 60px; margin: auto;">
                      <div style="color: black; width: 90%; height: 90%; margin: auto; border-radius: 50%; background: green;"><span style="position: relative; top: 30%; left: 10%;">13 / 13</span></div>
                    </div>
                  </td>
                </tr>
                <tr>
                  <td>
                    Kråklikåten
                  </td>
                  <td style="width: 12vw;">
                    <div style="width: 60px; height: 60px; margin: auto;">
                      <div style="color: black; width: 90%; height: 90%; margin: auto; border-radius: 50%; background: green;"><span style="position: relative; top: 30%; left: 10%;">4 / 4</span></div>
                    </div>
                  </td>
                  <td style="width: 12vw;">
                    <div style="width: 60px; height: 60px; margin: auto;">
                      <div style="color: black; width: 90%; height: 90%; margin: auto; border-radius: 50%; background: green;"><span style="position: relative; top: 30%; left: 10%;">4 / 4</span></div>
                    </div>
                  </td>
                  <td style="width: 12vw;">
                    <div style="width: 60px; height: 60px; margin: auto;">
                      <div style="color: black; width: 90%; height: 90%; margin: auto; border-radius: 50%; background: green;"><span style="position: relative; top: 30%; left: 10%;">4 / 4</span></div>
                    </div>
                  </td>
                  <td style="width: 12vw;">
                    <div style="width: 60px; height: 60px; margin: auto;">
                      <div style="color: black; width: 90%; height: 90%; margin: auto; border-radius: 50%; background: green;"><span style="position: relative; top: 30%; left: 10%;">4 / 4</span></div>
                    </div>
                  </td>
                  <td style="width: 12vw;">
                    <div style="width: 60px; height: 60px; margin: auto;">
                      <div style="color: black; width: 90%; height: 90%; margin: auto; border-radius: 50%; background: green;"><span style="position: relative; top: 30%; left: 10%;">4 / 4</span></div>
                    </div>
                  </td>
                  <td style="width: 12vw;">
                    <div style="width: 60px; height: 60px; margin: auto;">
                      <div style="color: black; width: 90%; height: 90%; margin: auto; border-radius: 50%; background: green;"><span style="position: relative; top: 30%; left: 10%;">4 / 4</span></div>
                    </div>
                  </td>
                  <td style="width: 12vw;">
                    <div style="width: 60px; height: 60px; margin: auto;">
                      <div style="color: black; width: 90%; height: 90%; margin: auto; border-radius: 50%; background: green;"><span style="position: relative; top: 30%; left: 10%;">4 / 4</span></div>
                    </div>
                  </td>
                </tr>
                <tr>
                  <td>
                    Heinfjordstua
                  </td>
                  <td style="width: 12vw;">
                    <div style="width: 60px; height: 60px; margin: auto;">
                      <div style="color: black; width: 90%; height: 90%; margin: auto; border-radius: 50%; background: green;"><span style="position: relative; top: 30%; left: 10%;">25 / 25</span></div>
                    </div>
                  </td>
                  <td style="width: 12vw;">
                    <div style="width: 60px; height: 60px; margin: auto;">
                      <div style="color: black; width: 90%; height: 90%; margin: auto; border-radius: 50%; background: green;"><span style="position: relative; top: 30%; left: 10%;">25 / 25</span></div>
                    </div>
                  </td>
                  <td style="width: 12vw;">
                    <div style="width: 60px; height: 60px; margin: auto;">
                      <div style="color: black; width: 90%; height: 90%; margin: auto; border-radius: 50%; background: green;"><span style="position: relative; top: 30%; left: 10%;">25 / 25</span></div>
                    </div>
                  </td>
                  <td style="width: 12vw;">
                    <div style="width: 60px; height: 60px; margin: auto;">
                      <div style="color: black; width: 90%; height: 90%; margin: auto; border-radius: 50%; background: green;"><span style="position: relative; top: 30%; left: 10%;">25 / 25</span></div>
                    </div>
                  </td>
                  <td style="width: 12vw;">
                    <div style="width: 60px; height: 60px; margin: auto;">
                      <div style="color: black; width: 90%; height: 90%; margin: auto; border-radius: 50%; background: green;"><span style="position: relative; top: 30%; left: 10%;">25 / 25</span></div>
                    </div>
                  </td>
                  <td style="width: 12vw;">
                    <div style="width: 60px; height: 60px; margin: auto;">
                      <div style="color: black; width: 90%; height: 90%; margin: auto; border-radius: 50%; background: green;"><span style="position: relative; top: 30%; left: 10%;">25 / 25</span></div>
                    </div>
                  </td>
                  <td style="width: 12vw;">
                    <div style="width: 60px; height: 60px; margin: auto;">
                      <div style="color: black; width: 90%; height: 90%; margin: auto; border-radius: 50%; background: green;"><span style="position: relative; top: 30%; left: 10%;">25 / 25</span></div>
                    </div>
                  </td>
                </tr>
                <tr>
                  <td>
                    Mevasskoia
                  </td>
                  <td style="width: 12vw;">
                    <div style="width: 60px; height: 60px; margin: auto;">
                      <div style="color: black; width: 90%; height: 90%; margin: auto; border-radius: 50%; background: green;"><span style="position: relative; top: 30%; left: 10%;">5 / 5</span></div>
                    </div>
                  </td>
                  <td style="width: 12vw;">
                    <div style="width: 60px; height: 60px; margin: auto;">
                      <div style="color: black; width: 90%; height: 90%; margin: auto; border-radius: 50%; background: green;"><span style="position: relative; top: 30%; left: 10%;">5 / 5</span></div>
                    </div>
                  </td>
                  <td style="width: 12vw;">
                    <div style="width: 60px; height: 60px; margin: auto;">
                      <div style="color: black; width: 90%; height: 90%; margin: auto; border-radius: 50%; background: green;"><span style="position: relative; top: 30%; left: 10%;">5 / 5</span></div>
                    </div>
                  </td>
                  <td style="width: 12vw;">
                    <div style="width: 60px; height: 60px; margin: auto;">
                      <div style="color: black; width: 90%; height: 90%; margin: auto; border-radius: 50%;"><span style="position: relative; top: 30%; left: 10%;">1 / 5</span></div>
                    </div>
                  </td>
                  <td style="width: 12vw;">
                    <div style="width: 60px; height: 60px; margin: auto;">
                      <div style="color: black; width: 90%; height: 90%; margin: auto; border-radius: 50%; background: red;"><span style="position: relative; top: 30%; left: 10%;">0 / 5</span></div>
                    </div>
                  </td>
                  <td style="width: 12vw;">
                    <div style="width: 60px; height: 60px; margin: auto;">
                      <div style="color: black; width: 90%; height: 90%; margin: auto; border-radius: 50%;"><span style="position: relative; top: 30%; left: 10%;">3 / 5</span></div>
                    </div>
                  </td>
                  <td style="width: 12vw;">
                    <div style="width: 60px; height: 60px; margin: auto;">
                      <div style="color: black; width: 90%; height: 90%; margin: auto; border-radius: 50%; background: green;"><span style="position: relative; top: 30%; left: 10%;">5 / 5</span></div>
                    </div>
                  </td>
                </tr>
                <tr>
                  <td>
                    Stabburet
                  </td>
                  <td style="width: 12vw;">
                    <div style="width: 60px; height: 60px; margin: auto;">
                      <div style="color: black; width: 90%; height: 90%; margin: auto; border-radius: 50%; background: green;"><span style="position: relative; top: 30%; left: 10%;">2 / 2</span></div>
                    </div>
                  </td>
                  <td style="width: 12vw;">
                    <div style="width: 60px; height: 60px; margin: auto;">
                      <div style="color: black; width: 90%; height: 90%; margin: auto; border-radius: 50%; background: green;"><span style="position: relative; top: 30%; left: 10%;">2 / 2</span></div>
                    </div>
                  </td>
                  <td style="width: 12vw;">
                    <div style="width: 60px; height: 60px; margin: auto;">
                      <div style="color: black; width: 90%; height: 90%; margin: auto; border-radius: 50%; background: green;"><span style="position: relative; top: 30%; left: 10%;">2 / 2</span></div>
                    </div>
                  </td>
                  <td style="width: 12vw;">
                    <div style="width: 60px; height: 60px; margin: auto;">
                      <div style="color: black; width: 90%; height: 90%; margin: auto; border-radius: 50%; background: green;"><span style="position: relative; top: 30%; left: 10%;">2 / 2</span></div>
                    </div>
                  </td>
                  <td style="width: 12vw;">
                    <div style="width: 60px; height: 60px; margin: auto;">
                      <div style="color: black; width: 90%; height: 90%; margin: auto; border-radius: 50%; background: green;"><span style="position: relative; top: 30%; left: 10%;">2 / 2</span></div>
                    </div>
                  </td>
                  <td style="width: 12vw;">
                    <div style="width: 60px; height: 60px; margin: auto;">
                      <div style="color: black; width: 90%; height: 90%; margin: auto; border-radius: 50%; background: green;"><span style="position: relative; top: 30%; left: 10%;">2 / 2</span></div>
                    </div>
                  </td>
                  <td style="width: 12vw;">
                    <div style="width: 60px; height: 60px; margin: auto;">
                      <div style="color: black; width: 90%; height: 90%; margin: auto; border-radius: 50%; background: green;"><span style="position: relative; top: 30%; left: 10%;">2 / 2</span></div>
                    </div>
                  </td>
                </tr>
                <tr>
                  <td>
                    Vekvessætra
                  </td>
                  <td style="width: 12vw;">
                    <div style="width: 60px; height: 60px; margin: auto;">
                      <div style="color: black; width: 90%; height: 90%; margin: auto; border-radius: 50%; background: green;"><span style="position: relative; top: 30%; left: 10%;">20 / 20</span></div>
                    </div>
                  </td>
                  <td style="width: 12vw;">
                    <div style="width: 60px; height: 60px; margin: auto;">
                      <div style="color: black; width: 90%; height: 90%; margin: auto; border-radius: 50%; background: green;"><span style="position: relative; top: 30%; left: 10%;">20 / 20</span></div>
                    </div>
                  </td>
                  <td style="width: 12vw;">
                    <div style="width: 60px; height: 60px; margin: auto;">
                      <div style="color: black; width: 90%; height: 90%; margin: auto; border-radius: 50%; background: green;"><span style="position: relative; top: 30%; left: 10%;">20 / 20</span></div>
                    </div>
                  </td>
                  <td style="width: 12vw;">
                    <div style="width: 60px; height: 60px; margin: auto;">
                      <div style="color: black; width: 90%; height: 90%; margin: auto; border-radius: 50%; background: green;"><span style="position: relative; top: 30%; left: 10%;">20 / 20</span></div>
                    </div>
                  </td>
                  <td style="width: 12vw;">
                    <div style="width: 60px; height: 60px; margin: auto;">
                      <div style="color: black; width: 90%; height: 90%; margin: auto; border-radius: 50%; background: green;"><span style="position: relative; top: 30%; left: 10%;">20 / 20</span></div>
                    </div>
                  </td>
                  <td style="width: 12vw;">
                    <div style="width: 60px; height: 60px; margin: auto;">
                      <div style="color: black; width: 90%; height: 90%; margin: auto; border-radius: 50%; background: green;"><span style="position: relative; top: 30%; left: 10%;">20 / 20</span></div>
                    </div>
                  </td>
                  <td style="width: 12vw;">
                    <div style="width: 60px; height: 60px; margin: auto;">
                      <div style="color: black; width: 90%; height: 90%; margin: auto; border-radius: 50%; background: green;"><span style="position: relative; top: 30%; left: 10%;">20 / 20</span></div>
                    </div>
                  </td>
                </tr>
                <tr>
                  <td>
                    Fosenkoia
                  </td>
                  <td style="width: 12vw;">
                    <div style="width: 60px; height: 60px; margin: auto;">
                      <div style="color: black; width: 90%; height: 90%; margin: auto; border-radius: 50%; background: green;"><span style="position: relative; top: 30%; left: 10%;">10 / 10</span></div>
                    </div>
                  </td>
                  <td style="width: 12vw;">
                    <div style="width: 60px; height: 60px; margin: auto;">
                      <div style="color: black; width: 90%; height: 90%; margin: auto; border-radius: 50%; background: green;"><span style="position: relative; top: 30%; left: 10%;">10 / 10</span></div>
                    </div>
                  </td>
                  <td style="width: 12vw;">
                    <div style="width: 60px; height: 60px; margin: auto;">
                      <div style="color: black; width: 90%; height: 90%; margin: auto; border-radius: 50%; background: green;"><span style="position: relative; top: 30%; left: 10%;">10 / 10</span></div>
                    </div>
                  </td>
                  <td style="width: 12vw;">
                    <div style="width: 60px; height: 60px; margin: auto;">
                      <div style="color: black; width: 90%; height: 90%; margin: auto; border-radius: 50%; background: green;"><span style="position: relative; top: 30%; left: 10%;">10 / 10</span></div>
                    </div>
                  </td>
                  <td style="width: 12vw;">
                    <div style="width: 60px; height: 60px; margin: auto;">
                      <div style="color: black; width: 90%; height: 90%; margin: auto; border-radius: 50%; background: green;"><span style="position: relative; top: 30%; left: 10%;">10 / 10</span></div>
                    </div>
                  </td>
                  <td style="width: 12vw;">
                    <div style="width: 60px; height: 60px; margin: auto;">
                      <div style="color: black; width: 90%; height: 90%; margin: auto; border-radius: 50%; background: green;"><span style="position: relative; top: 30%; left: 10%;">10 / 10</span></div>
                    </div>
                  </td>
                  <td style="width: 12vw;">
                    <div style="width: 60px; height: 60px; margin: auto;">
                      <div style="color: black; width: 90%; height: 90%; margin: auto; border-radius: 50%; background: green;"><span style="position: relative; top: 30%; left: 10%;">10 / 10</span></div>
                    </div>
                  </td>
                </tr>
                <tr>
                  <td>
                    Tågåbu
                  </td>
                  <td style="width: 12vw;">
                    <div style="width: 60px; height: 60px; margin: auto;">
                      <div style="color: black; width: 90%; height: 90%; margin: auto; border-radius: 50%; background: green;"><span style="position: relative; top: 30%; left: 10%;">6 / 6</span></div>
                    </div>
                  </td>
                  <td style="width: 12vw;">
                    <div style="width: 60px; height: 60px; margin: auto;">
                      <div style="color: black; width: 90%; height: 90%; margin: auto; border-radius: 50%; background: green;"><span style="position: relative; top: 30%; left: 10%;">6 / 6</span></div>
                    </div>
                  </td>
                  <td style="width: 12vw;">
                    <div style="width: 60px; height: 60px; margin: auto;">
                      <div style="color: black; width: 90%; height: 90%; margin: auto; border-radius: 50%; background: green;"><span style="position: relative; top: 30%; left: 10%;">6 / 6</span></div>
                    </div>
                  </td>
                  <td style="width: 12vw;">
                    <div style="width: 60px; height: 60px; margin: auto;">
                      <div style="color: black; width: 90%; height: 90%; margin: auto; border-radius: 50%; background: green;"><span style="position: relative; top: 30%; left: 10%;">6 / 6</span></div>
                    </div>
                  </td>
                  <td style="width: 12vw;">
                    <div style="width: 60px; height: 60px; margin: auto;">
                      <div style="color: black; width: 90%; height: 90%; margin: auto; border-radius: 50%; background: green;"><span style="position: relative; top: 30%; left: 10%;">6 / 6</span></div>
                    </div>
                  </td>
                  <td style="width: 12vw;">
                    <div style="width: 60px; height: 60px; margin: auto;">
                      <div style="color: black; width: 90%; height: 90%; margin: auto; border-radius: 50%; background: green;"><span style="position: relative; top: 30%; left: 10%;">6 / 6</span></div>
                    </div>
                  </td>
                  <td style="width: 12vw;">
                    <div style="width: 60px; height: 60px; margin: auto;">
                      <div style="color: black; width: 90%; height: 90%; margin: auto; border-radius: 50%; background: green;"><span style="position: relative; top: 30%; left: 10%;">6 / 6</span></div>
                    </div>
                  </td>
                </tr>
                <tr>
                  <td>
                    Lynhøgen
                  </td>
                  <td style="width: 12vw;">
                    <div style="width: 60px; height: 60px; margin: auto;">
                      <div style="color: black; width: 90%; height: 90%; margin: auto; border-radius: 50%; background: green;"><span style="position: relative; top: 30%; left: 10%;">4 / 4</span></div>
                    </div>
                  </td>
                  <td style="width: 12vw;">
                    <div style="width: 60px; height: 60px; margin: auto;">
                      <div style="color: black; width: 90%; height: 90%; margin: auto; border-radius: 50%; background: green;"><span style="position: relative; top: 30%; left: 10%;">4 / 4</span></div>
                    </div>
                  </td>
                  <td style="width: 12vw;">
                    <div style="width: 60px; height: 60px; margin: auto;">
                      <div style="color: black; width: 90%; height: 90%; margin: auto; border-radius: 50%; background: green;"><span style="position: relative; top: 30%; left: 10%;">4 / 4</span></div>
                    </div>
                  </td>
                  <td style="width: 12vw;">
                    <div style="width: 60px; height: 60px; margin: auto;">
                      <div style="color: black; width: 90%; height: 90%; margin: auto; border-radius: 50%; background: green;"><span style="position: relative; top: 30%; left: 10%;">4 / 4</span></div>
                    </div>
                  </td>
                  <td style="width: 12vw;">
                    <div style="width: 60px; height: 60px; margin: auto;">
                      <div style="color: black; width: 90%; height: 90%; margin: auto; border-radius: 50%; background: green;"><span style="position: relative; top: 30%; left: 10%;">4 / 4</span></div>
                    </div>
                  </td>
                  <td style="width: 12vw;">
                    <div style="width: 60px; height: 60px; margin: auto;">
                      <div style="color: black; width: 90%; height: 90%; margin: auto; border-radius: 50%; background: green;"><span style="position: relative; top: 30%; left: 10%;">4 / 4</span></div>
                    </div>
                  </td>
                  <td style="width: 12vw;">
                    <div style="width: 60px; height: 60px; margin: auto;">
                      <div style="color: black; width: 90%; height: 90%; margin: auto; border-radius: 50%; background: green;"><span style="position: relative; top: 30%; left: 10%;">4 / 4</span></div>
                    </div>
                  </td>
                </tr>
                <tr>
                  <td>
                    Selbukåten
                  </td>
                  <td style="width: 12vw;">
                    <div style="width: 60px; height: 60px; margin: auto;">
                      <div style="color: black; width: 90%; height: 90%; margin: auto; border-radius: 50%; background: green;"><span style="position: relative; top: 30%; left: 10%;">2 / 2</span></div>
                    </div>
                  </td>
                  <td style="width: 12vw;">
                    <div style="width: 60px; height: 60px; margin: auto;">
                      <div style="color: black; width: 90%; height: 90%; margin: auto; border-radius: 50%; background: green;"><span style="position: relative; top: 30%; left: 10%;">2 / 2</span></div>
                    </div>
                  </td>
                  <td style="width: 12vw;">
                    <div style="width: 60px; height: 60px; margin: auto;">
                      <div style="color: black; width: 90%; height: 90%; margin: auto; border-radius: 50%; background: green;"><span style="position: relative; top: 30%; left: 10%;">2 / 2</span></div>
                    </div>
                  </td>
                  <td style="width: 12vw;">
                    <div style="width: 60px; height: 60px; margin: auto;">
                      <div style="color: black; width: 90%; height: 90%; margin: auto; border-radius: 50%; background: green;"><span style="position: relative; top: 30%; left: 10%;">2 / 2</span></div>
                    </div>
                  </td>
                  <td style="width: 12vw;">
                    <div style="width: 60px; height: 60px; margin: auto;">
                      <div style="color: black; width: 90%; height: 90%; margin: auto; border-radius: 50%; background: green;"><span style="position: relative; top: 30%; left: 10%;">2 / 2</span></div>
                    </div>
                  </td>
                  <td style="width: 12vw;">
                    <div style="width: 60px; height: 60px; margin: auto;">
                      <div style="color: black; width: 90%; height: 90%; margin: auto; border-radius: 50%; background: green;"><span style="position: relative; top: 30%; left: 10%;">2 / 2</span></div>
                    </div>
                  </td>
                  <td style="width: 12vw;">
                    <div style="width: 60px; height: 60px; margin: auto;">
                      <div style="color: black; width: 90%; height: 90%; margin: auto; border-radius: 50%; background: green;"><span style="position: relative; top: 30%; left: 10%;">2 / 2</span></div>
                    </div>
                  </td>
                </tr>
                <tr>
                  <td>
                    Holvassgamma
                  </td>
                  <td style="width: 12vw;">
                    <div style="width: 60px; height: 60px; margin: auto;">
                      <div style="color: black; width: 90%; height: 90%; margin: auto; border-radius: 50%; background: green;"><span style="position: relative; top: 30%; left: 10%;">8 / 8</span></div>
                    </div>
                  </td>
                  <td style="width: 12vw;">
                    <div style="width: 60px; height: 60px; margin: auto;">
                      <div style="color: black; width: 90%; height: 90%; margin: auto; border-radius: 50%; background: green;"><span style="position: relative; top: 30%; left: 10%;">8 / 8</span></div>
                    </div>
                  </td>
                  <td style="width: 12vw;">
                    <div style="width: 60px; height: 60px; margin: auto;">
                      <div style="color: black; width: 90%; height: 90%; margin: auto; border-radius: 50%; background: green;"><span style="position: relative; top: 30%; left: 10%;">8 / 8</span></div>
                    </div>
                  </td>
                  <td style="width: 12vw;">
                    <div style="width: 60px; height: 60px; margin: auto;">
                      <div style="color: black; width: 90%; height: 90%; margin: auto; border-radius: 50%; background: green;"><span style="position: relative; top: 30%; left: 10%;">8 / 8</span></div>
                    </div>
                  </td>
                  <td style="width: 12vw;">
                    <div style="width: 60px; height: 60px; margin: auto;">
                      <div style="color: black; width: 90%; height: 90%; margin: auto; border-radius: 50%; background: green;"><span style="position: relative; top: 30%; left: 10%;">8 / 8</span></div>
                    </div>
                  </td>
                  <td style="width: 12vw;">
                    <div style="width: 60px; height: 60px; margin: auto;">
                      <div style="color: black; width: 90%; height: 90%; margin: auto; border-radius: 50%; background: green;"><span style="position: relative; top: 30%; left: 10%;">8 / 8</span></div>
                    </div>
                  </td>
                  <td style="width: 12vw;">
                    <div style="width: 60px; height: 60px; margin: auto;">
                      <div style="color: black; width: 90%; height: 90%; margin: auto; border-radius: 50%; background: green;"><span style="position: relative; top: 30%; left: 10%;">8 / 8</span></div>
                    </div>
                  </td>
                </tr>
                <tr>
                  <td>
                    Kamtjønnkoia
                  </td>
                  <td style="width: 12vw;">
                    <div style="width: 60px; height: 60px; margin: auto;">
                      <div style="color: black; width: 90%; height: 90%; margin: auto; border-radius: 50%; background: green;"><span style="position: relative; top: 30%; left: 10%;">6 / 6</span></div>
                    </div>
                  </td>
                  <td style="width: 12vw;">
                    <div style="width: 60px; height: 60px; margin: auto;">
                      <div style="color: black; width: 90%; height: 90%; margin: auto; border-radius: 50%; background: green;"><span style="position: relative; top: 30%; left: 10%;">6 / 6</span></div>
                    </div>
                  </td>
                  <td style="width: 12vw;">
                    <div style="width: 60px; height: 60px; margin: auto;">
                      <div style="color: black; width: 90%; height: 90%; margin: auto; border-radius: 50%; background: green;"><span style="position: relative; top: 30%; left: 10%;">6 / 6</span></div>
                    </div>
                  </td>
                  <td style="width: 12vw;">
                    <div style="width: 60px; height: 60px; margin: auto;">
                      <div style="color: black; width: 90%; height: 90%; margin: auto; border-radius: 50%; background: green;"><span style="position: relative; top: 30%; left: 10%;">6 / 6</span></div>
                    </div>
                  </td>
                  <td style="width: 12vw;">
                    <div style="width: 60px; height: 60px; margin: auto;">
                      <div style="color: black; width: 90%; height: 90%; margin: auto; border-radius: 50%; background: green;"><span style="position: relative; top: 30%; left: 10%;">6 / 6</span></div>
                    </div>
                  </td>
                  <td style="width: 12vw;">
                    <div style="width: 60px; height: 60px; margin: auto;">
                      <div style="color: black; width: 90%; height: 90%; margin: auto; border-radius: 50%; background: green;"><span style="position: relative; top: 30%; left: 10%;">6 / 6</span></div>
                    </div>
                  </td>
                  <td style="width: 12vw;">
                    <div style="width: 60px; height: 60px; margin: auto;">
                      <div style="color: black; width: 90%; height: 90%; margin: auto; border-radius: 50%; background: green;"><span style="position: relative; top: 30%; left: 10%;">6 / 6</span></div>
                    </div>
                  </td>
                </tr>
                <tr>
                  <td>
                    Rindalsløa
                  </td>
                  <td style="width: 12vw;">
                    <div style="width: 60px; height: 60px; margin: auto;">
                      <div style="color: black; width: 90%; height: 90%; margin: auto; border-radius: 50%; background: green;"><span style="position: relative; top: 30%; left: 10%;">4 / 4</span></div>
                    </div>
                  </td>
                  <td style="width: 12vw;">
                    <div style="width: 60px; height: 60px; margin: auto;">
                      <div style="color: black; width: 90%; height: 90%; margin: auto; border-radius: 50%; background: green;"><span style="position: relative; top: 30%; left: 10%;">4 / 4</span></div>
                    </div>
                  </td>
                  <td style="width: 12vw;">
                    <div style="width: 60px; height: 60px; margin: auto;">
                      <div style="color: black; width: 90%; height: 90%; margin: auto; border-radius: 50%; background: green;"><span style="position: relative; top: 30%; left: 10%;">4 / 4</span></div>
                    </div>
                  </td>
                  <td style="width: 12vw;">
                    <div style="width: 60px; height: 60px; margin: auto;">
                      <div style="color: black; width: 90%; height: 90%; margin: auto; border-radius: 50%; background: green;"><span style="position: relative; top: 30%; left: 10%;">4 / 4</span></div>
                    </div>
                  </td>
                  <td style="width: 12vw;">
                    <div style="width: 60px; height: 60px; margin: auto;">
                      <div style="color: black; width: 90%; height: 90%; margin: auto; border-radius: 50%; background: green;"><span style="position: relative; top: 30%; left: 10%;">4 / 4</span></div>
                    </div>
                  </td>
                  <td style="width: 12vw;">
                    <div style="width: 60px; height: 60px; margin: auto;">
                      <div style="color: black; width: 90%; height: 90%; margin: auto; border-radius: 50%; background: green;"><span style="position: relative; top: 30%; left: 10%;">4 / 4</span></div>
                    </div>
                  </td>
                  <td style="width: 12vw;">
                    <div style="width: 60px; height: 60px; margin: auto;">
                      <div style="color: black; width: 90%; height: 90%; margin: auto; border-radius: 50%; background: green;"><span style="position: relative; top: 30%; left: 10%;">4 / 4</span></div>
                    </div>
                  </td>
                </tr>
                <tr>
                  <td>
                    Iglbu
                  </td>
                  <td style="width: 12vw;">
                    <div style="width: 60px; height: 60px; margin: auto;">
                      <div style="color: black; width: 90%; height: 90%; margin: auto; border-radius: 50%; background: green;"><span style="position: relative; top: 30%; left: 10%;">10 / 10</span></div>
                    </div>
                  </td>
                  <td style="width: 12vw;">
                    <div style="width: 60px; height: 60px; margin: auto;">
                      <div style="color: black; width: 90%; height: 90%; margin: auto; border-radius: 50%; background: green;"><span style="position: relative; top: 30%; left: 10%;">10 / 10</span></div>
                    </div>
                  </td>
                  <td style="width: 12vw;">
                    <div style="width: 60px; height: 60px; margin: auto;">
                      <div style="color: black; width: 90%; height: 90%; margin: auto; border-radius: 50%; background: green;"><span style="position: relative; top: 30%; left: 10%;">10 / 10</span></div>
                    </div>
                  </td>
                  <td style="width: 12vw;">
                    <div style="width: 60px; height: 60px; margin: auto;">
                      <div style="color: black; width: 90%; height: 90%; margin: auto; border-radius: 50%; background: green;"><span style="position: relative; top: 30%; left: 10%;">10 / 10</span></div>
                    </div>
                  </td>
                  <td style="width: 12vw;">
                    <div style="width: 60px; height: 60px; margin: auto;">
                      <div style="color: black; width: 90%; height: 90%; margin: auto; border-radius: 50%; background: green;"><span style="position: relative; top: 30%; left: 10%;">10 / 10</span></div>
                    </div>
                  </td>
                  <td style="width: 12vw;">
                    <div style="width: 60px; height: 60px; margin: auto;">
                      <div style="color: black; width: 90%; height: 90%; margin: auto; border-radius: 50%; background: green;"><span style="position: relative; top: 30%; left: 10%;">10 / 10</span></div>
                    </div>
                  </td>
                  <td style="width: 12vw;">
                    <div style="width: 60px; height: 60px; margin: auto;">
                      <div style="color: black; width: 90%; height: 90%; margin: auto; border-radius: 50%; background: green;"><span style="position: relative; top: 30%; left: 10%;">10 / 10</span></div>
                    </div>
                  </td>
                </tr>
                <tr>
                  <td>
                    Mortenskåten
                  </td>
                  <td style="width: 12vw;">
                    <div style="width: 60px; height: 60px; margin: auto;">
                      <div style="color: black; width: 90%; height: 90%; margin: auto; border-radius: 50%; background: green;"><span style="position: relative; top: 30%; left: 10%;">2 / 2</span></div>
                    </div>
                  </td>
                  <td style="width: 12vw;">
                    <div style="width: 60px; height: 60px; margin: auto;">
                      <div style="color: black; width: 90%; height: 90%; margin: auto; border-radius: 50%; background: green;"><span style="position: relative; top: 30%; left: 10%;">2 / 2</span></div>
                    </div>
                  </td>
                  <td style="width: 12vw;">
                    <div style="width: 60px; height: 60px; margin: auto;">
                      <div style="color: black; width: 90%; height: 90%; margin: auto; border-radius: 50%; background: green;"><span style="position: relative; top: 30%; left: 10%;">2 / 2</span></div>
                    </div>
                  </td>
                  <td style="width: 12vw;">
                    <div style="width: 60px; height: 60px; margin: auto;">
                      <div style="color: black; width: 90%; height: 90%; margin: auto; border-radius: 50%; background: green;"><span style="position: relative; top: 30%; left: 10%;">2 / 2</span></div>
                    </div>
                  </td>
                  <td style="width: 12vw;">
                    <div style="width: 60px; height: 60px; margin: auto;">
                      <div style="color: black; width: 90%; height: 90%; margin: auto; border-radius: 50%; background: green;"><span style="position: relative; top: 30%; left: 10%;">2 / 2</span></div>
                    </div>
                  </td>
                  <td style="width: 12vw;">
                    <div style="width: 60px; height: 60px; margin: auto;">
                      <div style="color: black; width: 90%; height: 90%; margin: auto; border-radius: 50%; background: green;"><span style="position: relative; top: 30%; left: 10%;">2 / 2</span></div>
                    </div>
                  </td>
                  <td style="width: 12vw;">
                    <div style="width: 60px; height: 60px; margin: auto;">
                      <div style="color: black; width: 90%; height: 90%; margin: auto; border-radius: 50%; background: green;"><span style="position: relative; top: 30%; left: 10%;">2 / 2</span></div>
                    </div>
                  </td>
                </tr>
              </tbody>
            </table>
          </div>
        </div>
      </div>
    </div>
  </div>
</div>
`;
