// Jest Snapshot v1, https://goo.gl/fbAQLP

exports[`Component Login.vue Matches snapshot 1`] = `
<div class="wrapper"><img src="/ntnui_sprint/ntnui.svg" alt="ntnui-logo" class="img">
  <h2 class="title">
    Member
  </h2>
  <div class="formWrapper">
    <div class="wrapper">
      <form style="display: flex; flex-direction: column;"><label for="username" class="label__description">
          EMAIL
          <div id="username" class="username__field">
            <div></div>
            <div><input autocomplete="username" type="text" class="input"></div>
          </div></label> <label for="password" class="label__description">
          PASSWORD
          <div id="password">
            <div></div>
            <div><input autocomplete="current-password" type="password" class="input"></div>
          </div></label>
        <div class="error" style="display: none;">
          <p></p>
        </div> <button type="submit" class="v-btn v-btn--contained theme--light v-size--default"><span class="v-btn__content">
      LOG IN
    </span></button>
      </form>
    </div>
  </div>
  <p class="mt-12">
    Please visit <a href="https://medlem.ntnui.no" target="_blank">medlem.ntnui.no</a>
    to activate your Ntnui user or if you have forgotten your password.
  </p>
</div>
`;
