// Jest Snapshot v1, https://goo.gl/fbAQLP

exports[`View Booking.vue Matches snapshot 1`] = `
<v-container-stub tag="div" class="global-max-width">
  <v-row-stub tag="div">
    <v-col-stub cols="12" sm="8" tag="div" class="mx-auto mainColumn">
      <v-stepper-stub value="1" altlabels="true" class="stepper">
        <v-stepper-header-stub class="stepperHeader">
          <v-stepper-step-stub color="primary" completeicon="$complete" editicon="$edit" erroricon="$error" rules="" step="1">
            Info
          </v-stepper-step-stub>
          <v-divider-stub></v-divider-stub>
          <v-stepper-step-stub color="primary" completeicon="$complete" editicon="$edit" erroricon="$error" rules="" step="2">
            Supplies
          </v-stepper-step-stub>
          <v-divider-stub></v-divider-stub>
          <v-stepper-step-stub color="primary" completeicon="$complete" editicon="$edit" erroricon="$error" rules="" step="3">
            Equipment
          </v-stepper-step-stub>
          <v-divider-stub></v-divider-stub>
          <v-stepper-step-stub color="primary" completeicon="$complete" editicon="$edit" erroricon="$error" rules="" step="4">
            Boat and canoe
          </v-stepper-step-stub>
        </v-stepper-header-stub>
        <v-layout-stub tag="div">
          <reportfirststep-stub></reportfirststep-stub>
        </v-layout-stub>
      </v-stepper-stub>
      <div class="btnWrapper" style="">
        <!---->
        <v-btn-stub dark="true" tag="button" activeclass="" type="button" raised="true" data-test="btnNext" class="nextStepButton">next</v-btn-stub>
        <!---->
      </div>
    </v-col-stub>
  </v-row-stub>
</v-container-stub>
`;
