// Jest Snapshot v1, https://goo.gl/fbAQLP

exports[`Component ReportFirstStep.vue Matches snapshot 1`] = `
<v-layout-stub tag="div" dark="true" class="container">
  <h1 class="heading">Digital Cabin Report</h1>
  <v-layout-stub tag="div" class="separator">
    <v-layout-stub tag="div" class="px-4">
      <p>The cabin group is run purely on volunteer work and we rely on your feedback to be able to run the cabins.</p>
    </v-layout-stub>
    <v-layout-stub tag="div" class="px-4">
      <p>
        This report concerns your trip to
        <span class="capitalize"></span>
        from

        to
        .
      </p>
    </v-layout-stub>
  </v-layout-stub>
</v-layout-stub>
`;
